Component: ARM Compiler 6.16 Tool: armlink [5dfeaa00]

==============================================================================

Section Cross References

    main.o(.text.main) refers to main.o(.text.SystemCoreClockInit) for SystemCoreClockInit
    main.o(.text.main) refers to rtx_kernel.o(.text.osKernelInitialize) for osKernelInitialize
    main.o(.text.main) refers to app_xy.o(.text.app) for app
    main.o(.text.main) refers to rtx_thread.o(.text.osThreadNew) for osThreadNew
    main.o(.text.main) refers to rtx_kernel.o(.text.osKernelStart) for osKernelStart
    main.o(.ARM.exidx.text.main) refers to main.o(.text.main) for [Anonymous Symbol]
    main.o(.text.SystemCoreClockInit) refers to system_stm32f4xx.o(.text.SystemCoreClockUpdate) for SystemCoreClockUpdate
    main.o(.ARM.exidx.text.SystemCoreClockInit) refers to main.o(.text.SystemCoreClockInit) for [Anonymous Symbol]
    app_xy.o(.text) refers (Special) to _printf_d.o(.ARM.Collect$$_printf_percent$$00000009) for _printf_d
    app_xy.o(.text) refers (Special) to _printf_dec.o(.text) for _printf_int_dec
    app_xy.o(.text) refers (Special) to _printf_percent.o(.ARM.Collect$$_printf_percent$$00000000) for _printf_percent
    app_xy.o(.text) refers (Special) to _printf_s.o(.ARM.Collect$$_printf_percent$$00000014) for _printf_s
    app_xy.o(.text) refers (Special) to _printf_str.o(.text) for _printf_str
    app_xy.o(.text.tick) refers (Special) to _printf_d.o(.ARM.Collect$$_printf_percent$$00000009) for _printf_d
    app_xy.o(.text.tick) refers (Special) to _printf_dec.o(.text) for _printf_int_dec
    app_xy.o(.text.tick) refers (Special) to _printf_percent.o(.ARM.Collect$$_printf_percent$$00000000) for _printf_percent
    app_xy.o(.text.tick) refers (Special) to _printf_s.o(.ARM.Collect$$_printf_percent$$00000014) for _printf_s
    app_xy.o(.text.tick) refers (Special) to _printf_str.o(.text) for _printf_str
    app_xy.o(.text.tick) refers to rtx_delay.o(.text.osDelay) for osDelay
    app_xy.o(.ARM.exidx.text.tick) refers (Special) to _printf_d.o(.ARM.Collect$$_printf_percent$$00000009) for _printf_d
    app_xy.o(.ARM.exidx.text.tick) refers (Special) to _printf_dec.o(.text) for _printf_int_dec
    app_xy.o(.ARM.exidx.text.tick) refers (Special) to _printf_percent.o(.ARM.Collect$$_printf_percent$$00000000) for _printf_percent
    app_xy.o(.ARM.exidx.text.tick) refers (Special) to _printf_s.o(.ARM.Collect$$_printf_percent$$00000014) for _printf_s
    app_xy.o(.ARM.exidx.text.tick) refers (Special) to _printf_str.o(.text) for _printf_str
    app_xy.o(.ARM.exidx.text.tick) refers to app_xy.o(.text.tick) for [Anonymous Symbol]
    app_xy.o(.text.app) refers (Special) to _printf_d.o(.ARM.Collect$$_printf_percent$$00000009) for _printf_d
    app_xy.o(.text.app) refers (Special) to _printf_dec.o(.text) for _printf_int_dec
    app_xy.o(.text.app) refers (Special) to _printf_percent.o(.ARM.Collect$$_printf_percent$$00000000) for _printf_percent
    app_xy.o(.text.app) refers (Special) to _printf_s.o(.ARM.Collect$$_printf_percent$$00000014) for _printf_s
    app_xy.o(.text.app) refers (Special) to _printf_str.o(.text) for _printf_str
    app_xy.o(.text.app) refers to app_xy.o(.text.tick) for tick
    app_xy.o(.text.app) refers to rtx_thread.o(.text.osThreadNew) for osThreadNew
    app_xy.o(.text.app) refers to rtx_delay.o(.text.osDelay) for osDelay
    app_xy.o(.text.app) refers to puts_locked.o(.text) for puts
    app_xy.o(.text.app) refers to draw.o(.rodata.drawing) for drawing
    app_xy.o(.text.app) refers to app_xy.o(.bss.cmd_buffer) for cmd_buffer
    app_xy.o(.text.app) refers to rt_memcpy_v6.o(.text) for __aeabi_memcpy
    app_xy.o(.text.app) refers to ssd1306_128x64.o(.text.stdout_goxy) for stdout_goxy
    app_xy.o(.text.app) refers to gcode.o(.text.gCodeParse) for gCodeParse
    app_xy.o(.text.app) refers to noretval__2printf.o(.text) for __2printf
    app_xy.o(.text.app) refers to gconnet.o(.text.g_exec) for g_exec
    app_xy.o(.ARM.exidx.text.app) refers (Special) to _printf_d.o(.ARM.Collect$$_printf_percent$$00000009) for _printf_d
    app_xy.o(.ARM.exidx.text.app) refers (Special) to _printf_dec.o(.text) for _printf_int_dec
    app_xy.o(.ARM.exidx.text.app) refers (Special) to _printf_percent.o(.ARM.Collect$$_printf_percent$$00000000) for _printf_percent
    app_xy.o(.ARM.exidx.text.app) refers (Special) to _printf_s.o(.ARM.Collect$$_printf_percent$$00000014) for _printf_s
    app_xy.o(.ARM.exidx.text.app) refers (Special) to _printf_str.o(.text) for _printf_str
    app_xy.o(.ARM.exidx.text.app) refers to app_xy.o(.text.app) for [Anonymous Symbol]
    app_xy.o(.bss.cmd_buffer) refers (Special) to _printf_d.o(.ARM.Collect$$_printf_percent$$00000009) for _printf_d
    app_xy.o(.bss.cmd_buffer) refers (Special) to _printf_dec.o(.text) for _printf_int_dec
    app_xy.o(.bss.cmd_buffer) refers (Special) to _printf_percent.o(.ARM.Collect$$_printf_percent$$00000000) for _printf_percent
[...]
    os_timer_mq_data                         0x20004520   Data          80  rtx_lib.o(.bss.os.msgqueue.mem)
    [Anonymous Symbol]                       0x20004520   Section        0  rtx_lib.o(.bss.os.msgqueue.mem)
    os_idle_thread_cb                        0x20004570   Data          68  rtx_lib.o(.bss.os.thread.cb)
    [Anonymous Symbol]                       0x20004570   Section        0  rtx_lib.o(.bss.os.thread.cb)
    os_timer_thread_cb                       0x200045b4   Data          68  rtx_lib.o(.bss.os.thread.cb)
    os_idle_thread_stack                     0x200045f8   Data         128  rtx_lib.o(.bss.os.thread.idle.stack)
    [Anonymous Symbol]                       0x200045f8   Section        0  rtx_lib.o(.bss.os.thread.idle.stack)
    os_timer_thread_stack                    0x20004678   Data         512  rtx_lib.o(.bss.os.thread.timer.stack)
    [Anonymous Symbol]                       0x20004678   Section        0  rtx_lib.o(.bss.os.thread.timer.stack)
    os_kernel_is_active.os_kernel_active     0x20004878   Data           1  rtx_lib.o(.bss.os_kernel_is_active.os_kernel_active)
    [Anonymous Symbol]                       0x20004878   Section        0  rtx_lib.o(.bss.os_kernel_is_active.os_kernel_active)
    page                                     0x2000487c   Data           4  ssd1306_128x64.o(.bss.page)
    [Anonymous Symbol]                       0x2000487c   Section        0  ssd1306_128x64.o(.bss.page)
    use_move_d                               0x20004880   Data           1  gconnet.o(.bss.use_move_d)
    [Anonymous Symbol]                       0x20004880   Section        0  gconnet.o(.bss.use_move_d)
    x_dir                                    0x20004888   Data           4  xy.o(.bss.x_dir)
    [Anonymous Symbol]                       0x20004888   Section        0  xy.o(.bss.x_dir)
    x_ticks                                  0x2000488c   Data           4  xy.o(.bss.x_ticks)
    [Anonymous Symbol]                       0x2000488c   Section        0  xy.o(.bss.x_ticks)
    xy_x                                     0x20004890   Data           4  xy.o(.bss.xy_x)
    [Anonymous Symbol]                       0x20004890   Section        0  xy.o(.bss.xy_x)
    xy_y                                     0x20004894   Data           4  xy.o(.bss.xy_y)
    [Anonymous Symbol]                       0x20004894   Section        0  xy.o(.bss.xy_y)
    xy_z                                     0x20004898   Data           4  xy.o(.bss.xy_z)
    [Anonymous Symbol]                       0x20004898   Section        0  xy.o(.bss.xy_z)
    y_dir                                    0x2000489c   Data           4  xy.o(.bss.y_dir)
    [Anonymous Symbol]                       0x2000489c   Section        0  xy.o(.bss.y_dir)
    y_ticks                                  0x200048a0   Data           4  xy.o(.bss.y_ticks)
    [Anonymous Symbol]                       0x200048a0   Section        0  xy.o(.bss.y_ticks)
    z_dir                                    0x200048a4   Data           4  xy.o(.bss.z_dir)
    [Anonymous Symbol]                       0x200048a4   Section        0  xy.o(.bss.z_dir)
    z_ticks                                  0x200048a8   Data           4  xy.o(.bss.z_ticks)
    [Anonymous Symbol]                       0x200048a8   Section        0  xy.o(.bss.z_ticks)
    Heap_Mem                                 0x200048b0   Data         512  startup_stm32f401xc.o(HEAP)
    HEAP                                     0x200048b0   Section      512  startup_stm32f401xc.o(HEAP)
    Stack_Mem                                0x20004ab0   Data        1024  startup_stm32f401xc.o(STACK)
    STACK                                    0x20004ab0   Section     1024  startup_stm32f401xc.o(STACK)
    __initial_sp                             0x20004eb0   Data           0  startup_stm32f401xc.o(STACK)
    FPCCR                                    0xe000ef34   Number         0  irq_armv7m.o ABSOLUTE

    Global Symbols

    Symbol Name                              Value     Ov Type        Size  Object(Section)

    BuildAttributes$$THM_ISAv4$E$P$D$K$B$S$7EM$VFPi3$EXTD16$VFPS$VFMA$PE$A:L22UL41UL21$X:L11$S22US41US21$IEEE1$IW$~IW$USESV6$~STKCKD$USESV7$~SHL$OTIME$ROPI$EBA8$UX$STANDARDLIB$REQ8$PRES8$EABIv2 0x00000000   Number         0  anon$$obj.o ABSOLUTE
    .bss.os.evflags.cb$$Base                  - Undefined Weak Reference
    .bss.os.evflags.cb$$Limit                 - Undefined Weak Reference
    .bss.os.mempool.cb$$Base                  - Undefined Weak Reference
    .bss.os.mempool.cb$$Limit                 - Undefined Weak Reference
    .bss.os.mutex.cb$$Base                    - Undefined Weak Reference
    .bss.os.mutex.cb$$Limit                   - Undefined Weak Reference
    .bss.os.semaphore.cb$$Base                - Undefined Weak Reference
    .bss.os.semaphore.cb$$Limit               - Undefined Weak Reference
    .bss.os.timer.cb$$Base                    - Undefined Weak Reference
    .bss.os.timer.cb$$Limit                   - Undefined Weak Reference
    __ARM_exceptions_init                     - Undefined Weak Reference
    __alloca_initialize                       - Undefined Weak Reference
    __arm_preinit_                            - Undefined Weak Reference
    __cpp_initialize__aeabi_                  - Undefined Weak Reference
    __cxa_finalize                            - Undefined Weak Reference
    __rt_locale                               - Undefined Weak Reference
    __sigvec_lookup                           - Undefined Weak Reference
    __user_heap_extent                        - Undefined Weak Reference
    _atexit_init                              - Undefined Weak Reference
    _call_atexit_fns                          - Undefined Weak Reference
    _clock_init                               - Undefined Weak Reference
    _fp_trap_init                             - Undefined Weak Reference
    _fp_trap_shutdown                         - Undefined Weak Reference
    _get_lc_collate                           - Undefined Weak Reference
    _get_lc_ctype                             - Undefined Weak Reference
    _get_lc_monetary                          - Undefined Weak Reference
    _get_lc_numeric                           - Undefined Weak Reference
    _get_lc_time                              - Undefined Weak Reference
    _getenv_init                              - Undefined Weak Reference
    _handle_redirection                       - Undefined Weak Reference
    _printf_mbtowc                            - Undefined Weak Reference
    _printf_post_padding                      - Undefined Weak Reference
    _printf_pre_padding                       - Undefined Weak Reference
    _printf_truncate_signed                   - Undefined Weak Reference
    _printf_truncate_unsigned                 - Undefined Weak Reference
    _rand_init                                - Undefined Weak Reference
    _signal_finish                            - Undefined Weak Reference
    _signal_init                              - Undefined Weak Reference
    __Vectors_Size                           0x00000194   Number         0  startup_stm32f401xc.o ABSOLUTE
    __Vectors                                0x08000000   Data           4  startup_stm32f401xc.o(RESET)
    __Vectors_End                            0x08000194   Data           0  startup_stm32f401xc.o(RESET)
    __main                                   0x08000195   Thumb Code     8  __main.o(!!!main)
    __scatterload                            0x0800019d   Thumb Code     0  __scatter.o(!!!scatter)
    __scatterload_rt2                        0x0800019d   Thumb Code    44  __scatter.o(!!!scatter)
    __scatterload_rt2_thumb_only             0x0800019d   Thumb Code     0  __scatter.o(!!!scatter)
    __scatterload_null                       0x080001ab   Thumb Code     0  __scatter.o(!!!scatter)
    __scatterload_copy                       0x080001d1   Thumb Code    26  __scatter_copy.o(!!handler_copy)
    __scatterload_zeroinit                   0x080001ed   Thumb Code    28  __scatter_zi.o(!!handler_zi)
    _printf_d                                0x08000209   Thumb Code     0  _printf_d.o(.ARM.Collect$$_printf_percent$$00000009)
    _printf_percent                          0x08000209   Thumb Code     0  _printf_percent.o(.ARM.Collect$$_printf_percent$$00000000)
    _printf_s                                0x0800020f   Thumb Code     0  _printf_s.o(.ARM.Collect$$_printf_percent$$00000014)
    _printf_percent_end                      0x08000215   Thumb Code     0  _printf_percent_end.o(.ARM.Collect$$_printf_percent$$00000017)
    __rt_lib_init                            0x08000219   Thumb Code     0  libinit.o(.ARM.Collect$$libinit$$00000000)
    __rt_lib_init_fp_1                       0x0800021b   Thumb Code     0  libinit2.o(.ARM.Collect$$libinit$$00000001)
    __rt_lib_init_heap_2                     0x0800021f   Thumb Code     0  libinit2.o(.ARM.Collect$$libinit$$00000005)
    __rt_lib_init_preinit_1                  0x0800021f   Thumb Code     0  libinit2.o(.ARM.Collect$$libinit$$00000004)
    __rt_lib_init_atexit_1                   0x08000227   Thumb Code     0  libinit2.o(.ARM.Collect$$libinit$$0000001B)
    __rt_lib_init_clock_1                    0x08000227   Thumb Code     0  libinit2.o(.ARM.Collect$$libinit$$00000021)
    __rt_lib_init_fp_trap_1                  0x08000227   Thumb Code     0  libinit2.o(.ARM.Collect$$libinit$$0000001F)
    __rt_lib_init_getenv_1                   0x08000227   Thumb Code     0  libinit2.o(.ARM.Collect$$libinit$$00000023)
    __rt_lib_init_heap_1                     0x08000227   Thumb Code     0  libinit2.o(.ARM.Collect$$libinit$$0000000A)
    __rt_lib_init_lc_collate_1               0x08000227   Thumb Code     0  libinit2.o(.ARM.Collect$$libinit$$00000011)
    __rt_lib_init_lc_ctype_1                 0x08000227   Thumb Code     0  libinit2.o(.ARM.Collect$$libinit$$00000013)
    __rt_lib_init_lc_monetary_1              0x08000227   Thumb Code     0  libinit2.o(.ARM.Collect$$libinit$$00000015)
    __rt_lib_init_lc_numeric_1               0x08000227   Thumb Code     0  libinit2.o(.ARM.Collect$$libinit$$00000017)
    __rt_lib_init_lc_time_1                  0x08000227   Thumb Code     0  libinit2.o(.ARM.Collect$$libinit$$00000019)
    __rt_lib_init_rand_1                     0x08000227   Thumb Code     0  libinit2.o(.ARM.Collect$$libinit$$0000000E)
    __rt_lib_init_signal_1                   0x08000227   Thumb Code     0  libinit2.o(.ARM.Collect$$libinit$$0000001D)
    __rt_lib_init_stdio_2                    0x08000227   Thumb Code     0  libinit2.o(.ARM.Collect$$libinit$$00000024)
    __rt_lib_init_user_alloc_1               0x08000227   Thumb Code     0  libinit2.o(.ARM.Collect$$libinit$$0000000C)
    __rt_lib_init_alloca_1                   0x0800022b   Thumb Code     0  libinit2.o(.ARM.Collect$$libinit$$0000002E)
    __rt_lib_init_argv_1                     0x0800022b   Thumb Code     0  libinit2.o(.ARM.Collect$$libinit$$0000002C)
    __rt_lib_init_cpp_1                      0x0800022b   Thumb Code     0  libinit2.o(.ARM.Collect$$libinit$$00000032)
    __rt_lib_init_exceptions_1               0x0800022b   Thumb Code     0  libinit2.o(.ARM.Collect$$libinit$$00000030)
    __rt_lib_init_return                     0x0800022b   Thumb Code     0  libinit2.o(.ARM.Collect$$libinit$$00000033)
    __rt_lib_init_stdio_1                    0x0800022b   Thumb Code     0  libinit2.o(.ARM.Collect$$libinit$$00000025)
    __rt_lib_shutdown                        0x0800022d   Thumb Code     0  libshutdown.o(.ARM.Collect$$libshutdown$$00000000)
    __rt_lib_shutdown_cpp_1                  0x0800022f   Thumb Code     0  libshutdown2.o(.ARM.Collect$$libshutdown$$00000002)
    __rt_lib_shutdown_stdio_2                0x0800022f   Thumb Code     0  libshutdown2.o(.ARM.Collect$$libshutdown$$00000003)
    __rt_lib_shutdown_fp_trap_1              0x08000233   Thumb Code     0  libshutdown2.o(.ARM.Collect$$libshutdown$$00000007)
    __rt_lib_shutdown_heap_2                 0x08000233   Thumb Code     0  libshutdown2.o(.ARM.Collect$$libshutdown$$0000000D)
    __rt_lib_shutdown_signal_1               0x08000233   Thumb Code     0  libshutdown2.o(.ARM.Collect$$libshutdown$$0000000A)
    __rt_lib_shutdown_stdio_1                0x08000233   Thumb Code     0  libshutdown2.o(.ARM.Collect$$libshutdown$$00000004)
    __rt_lib_shutdown_user_alloc_1           0x08000233   Thumb Code     0  libshutdown2.o(.ARM.Collect$$libshutdown$$0000000C)
    __rt_lib_shutdown_heap_1                 0x08000237   Thumb Code     0  libshutdown2.o(.ARM.Collect$$libshutdown$$0000000F)
    __rt_lib_shutdown_return                 0x08000237   Thumb Code     0  libshutdown2.o(.ARM.Collect$$libshutdown$$00000010)
    __rt_entry                               0x08000239   Thumb Code     0  __rtentry.o(.ARM.Collect$$rtentry$$00000000)
    __rt_entry_presh_1                       0x08000239   Thumb Code     0  __rtentry2.o(.ARM.Collect$$rtentry$$00000002)
    __rt_entry_sh                            0x08000239   Thumb Code     0  __rtentry4.o(.ARM.Collect$$rtentry$$00000004)
    __rt_entry_postsh_1                      0x0800023f   Thumb Code     0  __rtentry2.o(.ARM.Collect$$rtentry$$00000008)
    __rt_entry_li                            0x08000247   Thumb Code     0  __rtentry2.o(.ARM.Collect$$rtentry$$0000000A)
    __rt_entry_main                          0x0800024b   Thumb Code     0  __rtentry2.o(.ARM.Collect$$rtentry$$0000000D)
    __rt_entry_postli_1                      0x0800024b   Thumb Code     0  __rtentry2.o(.ARM.Collect$$rtentry$$0000000C)
    __rt_exit                                0x08000253   Thumb Code     0  rtexit.o(.ARM.Collect$$rtexit$$00000000)
    __rt_exit_ls                             0x08000255   Thumb Code     0  rtexit2.o(.ARM.Collect$$rtexit$$00000003)
    __rt_exit_prels_1                        0x08000255   Thumb Code     0  rtexit2.o(.ARM.Collect$$rtexit$$00000002)
    __rt_exit_exit                           0x08000259   Thumb Code     0  rtexit2.o(.ARM.Collect$$rtexit$$00000004)
    Reset_Handler                            0x08000261   Thumb Code     8  startup_stm32f401xc.o(.text)
    NMI_Handler                              0x08000269   Thumb Code     2  startup_stm32f401xc.o(.text)
    HardFault_Handler                        0x0800026b   Thumb Code     2  startup_stm32f401xc.o(.text)
    MemManage_Handler                        0x0800026d   Thumb Code     2  startup_stm32f401xc.o(.text)
    BusFault_Handler                         0x0800026f   Thumb Code     2  startup_stm32f401xc.o(.text)
    UsageFault_Handler                       0x08000271   Thumb Code     2  startup_stm32f401xc.o(.text)
    DebugMon_Handler                         0x08000275   Thumb Code     2  startup_stm32f401xc.o(.text)
    ADC_IRQHandler                           0x0800027b   Thumb Code     0  startup_stm32f401xc.o(.text)
    DMA1_Stream0_IRQHandler                  0x0800027b   Thumb Code     0  startup_stm32f401xc.o(.text)
    DMA1_Stream1_IRQHandler                  0x0800027b   Thumb Code     0  startup_stm32f401xc.o(.text)
    DMA1_Stream2_IRQHandler                  0x0800027b   Thumb Code     0  startup_stm32f401xc.o(.text)
    DMA1_Stream3_IRQHandler                  0x0800027b   Thumb Code     0  startup_stm32f401xc.o(.text)
    DMA1_Stream4_IRQHandler                  0x0800027b   Thumb Code     0  startup_stm32f401xc.o(.text)
    DMA1_Stream5_IRQHandler                  0x0800027b   Thumb Code     0  startup_stm32f401xc.o(.text)
    DMA1_Stream6_IRQHandler                  0x0800027b   Thumb Code     0  startup_stm32f401xc.o(.text)
    DMA1_Stream7_IRQHandler                  0x0800027b   Thumb Code     0  startup_stm32f401xc.o(.text)
    DMA2_Stream0_IRQHandler                  0x0800027b   Thumb Code     0  startup_stm32f401xc.o(.text)
    DMA2_Stream1_IRQHandler                  0x0800027b   Thumb Code     0  startup_stm32f401xc.o(.text)
    DMA2_Stream2_IRQHandler                  0x0800027b   Thumb Code     0  startup_stm32f401xc.o(.text)
    DMA2_Stream3_IRQHandler                  0x0800027b   Thumb Code     0  startup_stm32f401xc.o(.text)
    DMA2_Stream4_IRQHandler                  0x0800027b   Thumb Code     0  startup_stm32f401xc.o(.text)
    DMA2_Stream5_IRQHandler                  0x0800027b   Thumb Code     0  startup_stm32f401xc.o(.text)
    DMA2_Stream6_IRQHandler                  0x0800027b   Thumb Code     0  startup_stm32f401xc.o(.text)
    DMA2_Stream7_IRQHandler                  0x0800027b   Thumb Code     0  startup_stm32f401xc.o(.text)
    EXTI0_IRQHandler                         0x0800027b   Thumb Code     0  startup_stm32f401xc.o(.text)
    EXTI15_10_IRQHandler                     0x0800027b   Thumb Code     0  startup_stm32f401xc.o(.text)
    EXTI1_IRQHandler                         0x0800027b   Thumb Code     0  startup_stm32f401xc.o(.text)
    EXTI2_IRQHandler                         0x0800027b   Thumb Code     0  startup_stm32f401xc.o(.text)
    EXTI3_IRQHandler                         0x0800027b   Thumb Code     0  startup_stm32f401xc.o(.text)
    EXTI4_IRQHandler                         0x0800027b   Thumb Code     0  startup_stm32f401xc.o(.text)
    EXTI9_5_IRQHandler                       0x0800027b   Thumb Code     0  startup_stm32f401xc.o(.text)
    FLASH_IRQHandler                         0x0800027b   Thumb Code     0  startup_stm32f401xc.o(.text)
    FPU_IRQHandler                           0x0800027b   Thumb Code     0  startup_stm32f401xc.o(.text)
    I2C2_ER_IRQHandler                       0x0800027b   Thumb Code     0  startup_stm32f401xc.o(.text)
    I2C2_EV_IRQHandler                       0x0800027b   Thumb Code     0  startup_stm32f401xc.o(.text)
    I2C3_ER_IRQHandler                       0x0800027b   Thumb Code     0  startup_stm32f401xc.o(.text)
    I2C3_EV_IRQHandler                       0x0800027b   Thumb Code     0  startup_stm32f401xc.o(.text)
    OTG_FS_IRQHandler                        0x0800027b   Thumb Code     0  startup_stm32f401xc.o(.text)
    OTG_FS_WKUP_IRQHandler                   0x0800027b   Thumb Code     0  startup_stm32f401xc.o(.text)
    PVD_IRQHandler                           0x0800027b   Thumb Code     0  startup_stm32f401xc.o(.text)
    RCC_IRQHandler                           0x0800027b   Thumb Code     0  startup_stm32f401xc.o(.text)
    RTC_Alarm_IRQHandler                     0x0800027b   Thumb Code     0  startup_stm32f401xc.o(.text)
    RTC_WKUP_IRQHandler                      0x0800027b   Thumb Code     0  startup_stm32f401xc.o(.text)
    SDIO_IRQHandler                          0x0800027b   Thumb Code     0  startup_stm32f401xc.o(.text)
    SPI1_IRQHandler                          0x0800027b   Thumb Code     0  startup_stm32f401xc.o(.text)
    SPI2_IRQHandler                          0x0800027b   Thumb Code     0  startup_stm32f401xc.o(.text)
    SPI3_IRQHandler                          0x0800027b   Thumb Code     0  startup_stm32f401xc.o(.text)
    SPI4_IRQHandler                          0x0800027b   Thumb Code     0  startup_stm32f401xc.o(.text)
    TAMP_STAMP_IRQHandler                    0x0800027b   Thumb Code     0  startup_stm32f401xc.o(.text)
    TIM1_BRK_TIM9_IRQHandler                 0x0800027b   Thumb Code     0  startup_stm32f401xc.o(.text)
    TIM1_CC_IRQHandler                       0x0800027b   Thumb Code     0  startup_stm32f401xc.o(.text)
    TIM1_TRG_COM_TIM11_IRQHandler            0x0800027b   Thumb Code     0  startup_stm32f401xc.o(.text)
    TIM1_UP_TIM10_IRQHandler                 0x0800027b   Thumb Code     0  startup_stm32f401xc.o(.text)
    TIM4_IRQHandler                          0x0800027b   Thumb Code     0  startup_stm32f401xc.o(.text)
    TIM5_IRQHandler                          0x0800027b   Thumb Code     0  startup_stm32f401xc.o(.text)
    USART1_IRQHandler                        0x0800027b   Thumb Code     0  startup_stm32f401xc.o(.text)
    USART2_IRQHandler                        0x0800027b   Thumb Code     0  startup_stm32f401xc.o(.text)
    USART6_IRQHandler                        0x0800027b   Thumb Code     0  startup_stm32f401xc.o(.text)
    WWDG_IRQHandler                          0x0800027b   Thumb Code     0  startup_stm32f401xc.o(.text)
    __user_initial_stackheap                 0x0800027d   Thumb Code     0  startup_stm32f401xc.o(.text)
    SVC_Handler                              0x080002a1   Thumb Code   154  irq_armv7m.o(.text)
    PendSV_Handler                           0x0800033b   Thumb Code    16  irq_armv7m.o(.text)
    SysTick_Handler                          0x0800034b   Thumb Code    16  irq_armv7m.o(.text)
    __2printf                                0x08000369   Thumb Code    20  noretval__2printf.o(.text)
    __printf                                 0x08000381   Thumb Code   104  __printf.o(.text)
    _printf_str                              0x080003e9   Thumb Code    82  _printf_str.o(.text)
    _printf_int_dec                          0x0800043d   Thumb Code   104  _printf_dec.o(.text)
    __aeabi_memcpy                           0x080004b5   Thumb Code     0  rt_memcpy_v6.o(.text)
    __rt_memcpy                              0x080004b5   Thumb Code   138  rt_memcpy_v6.o(.text)
    _memcpy_lastbytes                        0x0800051b   Thumb Code     0  rt_memcpy_v6.o(.text)
    __aeabi_memclr                           0x0800053f   Thumb Code     0  rt_memclr.o(.text)
    __rt_memclr                              0x0800053f   Thumb Code     0  rt_memclr.o(.text)
    _memset                                  0x08000543   Thumb Code    64  rt_memclr.o(.text)
    __aeabi_memclr4                          0x08000583   Thumb Code     0  rt_memclr_w.o(.text)
    __aeabi_memclr8                          0x08000583   Thumb Code     0  rt_memclr_w.o(.text)
    __rt_memclr_w                            0x08000583   Thumb Code     0  rt_memclr_w.o(.text)
    _memset_w                                0x08000587   Thumb Code    74  rt_memclr_w.o(.text)
    strcmp                                   0x080005d1   Thumb Code   124  strcmpv7em.o(.text)
    __use_two_region_memory                  0x0800064d   Thumb Code     2  heapauxi.o(.text)
    __rt_heap_escrow                         0x0800064f   Thumb Code     2  heapauxi.o(.text)
    __rt_heap_expand                         0x08000651   Thumb Code     2  heapauxi.o(.text)
    _printf_int_common                       0x08000653   Thumb Code   178  _printf_intcommon.o(.text)
    _printf_cs_common                        0x08000705   Thumb Code    20  _printf_char.o(.text)
    _printf_char                             0x08000719   Thumb Code    16  _printf_char.o(.text)
    _printf_string                           0x08000729   Thumb Code     8  _printf_char.o(.text)
    __aeabi_memcpy4                          0x08000731   Thumb Code     0  rt_memcpy_w.o(.text)
    __aeabi_memcpy8                          0x08000731   Thumb Code     0  rt_memcpy_w.o(.text)
    __rt_memcpy_w                            0x08000731   Thumb Code   100  rt_memcpy_w.o(.text)
    _memcpy_lastbytes_aligned                0x08000779   Thumb Code     0  rt_memcpy_w.o(.text)
    _printf_char_common                      0x0800079f   Thumb Code    32  _printf_char_common.o(.text)
    __flsbuf                                 0x080007c5   Thumb Code   470  flsbuf.o(.text)
    __flsbuf_byte                            0x080007c5   Thumb Code     0  flsbuf.o(.text)
    __flsbuf_wide                            0x080007c5   Thumb Code     0  flsbuf.o(.text)
    _initio                                  0x0800099d   Thumb Code   240  initio_locked.o(.text)
    _terminateio                             0x08000a8d   Thumb Code   168  initio_locked.o(.text)
    __user_setup_stackheap                   0x08000b65   Thumb Code    74  sys_stackheap_outer.o(.text)
    malloc_internal$concurrent               0x08000bbf   Thumb Code   130  h1_alloc_threads.o(.text)
    malloc                                   0x08000c41   Thumb Code    20  h1_alloc_threads.o(.text)
    free_internal$concurrent                 0x08000c55   Thumb Code    98  h1_free_threads.o(.text)
    free                                     0x08000cb7   Thumb Code    20  h1_free_threads.o(.text)
    _printf_char_file                        0x08000ccd   Thumb Code    58  _printf_char_file_locked.o(.text)
    _seterr                                  0x08000d0d   Thumb Code    20  stdio.o(.text)
    _writebuf                                0x08000d21   Thumb Code    84  stdio.o(.text)
    _fflush                                  0x08000d75   Thumb Code    70  stdio.o(.text)
    _deferredlazyseek                        0x08000dbb   Thumb Code    60  stdio.o(.text)
    _fclose_internal                         0x08000dfd   Thumb Code    76  fclose.o(.text)
    fclose                                   0x08000dfd   Thumb Code     0  fclose.o(.text)
    puts                                     0x08000e49   Thumb Code    58  puts_locked.o(.text)
    setvbuf                                  0x08000e89   Thumb Code   104  setvbuf_locked.o(.text)
    freopen                                  0x08000fa5   Thumb Code    42  fopen_locked.o(.text)
    _fopen$locked                            0x08000fcf   Thumb Code   100  fopen_locked.o(.text)
    exit                                     0x0800103d   Thumb Code    18  exit.o(.text)
    __rt_SIGRTRED                            0x0800104f   Thumb Code    14  defsig_rtred_outer.o(.text)
    __user_libspace                          0x0800105d   Thumb Code     8  libspace.o(.text)
    __user_perproc_libspace                  0x0800105d   Thumb Code     0  libspace.o(.text)
    __rt_heap_descriptor                     0x08001065   Thumb Code    10  rt_heap_descriptor_twolibspace.o(.text)
    __use_no_heap                            0x0800106f   Thumb Code     2  hguard.o(.text)
    __heap$guard                             0x08001071   Thumb Code     2  hguard.o(.text)
    _terminate_user_alloc                    0x08001073   Thumb Code     2  init_alloc.o(.text)
    _init_user_alloc                         0x08001075   Thumb Code     2  init_alloc.o(.text)
    __Heap_Full                              0x08001077   Thumb Code    34  init_alloc.o(.text)
    __Heap_Broken                            0x08001099   Thumb Code     6  init_alloc.o(.text)
    _init_alloc                              0x0800109f   Thumb Code    94  init_alloc.o(.text)
    __Heap_Initialize                        0x080010fd   Thumb Code    14  h1_init_threads.o(.text)
    __Heap_DescSize                          0x0800110b   Thumb Code     4  h1_init_threads.o(.text)
    _fseek                                   0x08001111   Thumb Code   242  fseek.o(.text)
    fseek                                    0x08001111   Thumb Code     0  fseek.o(.text)
    __sig_exit                               0x08001209   Thumb Code    10  defsig_exit.o(.text)
    __rt_SIGRTRED_inner                      0x08001215   Thumb Code    14  defsig_rtred_inner.o(.text)
    _sys_exit                                0x08001249   Thumb Code     8  sys_exit.o(.text)
    _maybe_terminate_alloc                   0x08001255   Thumb Code     0  maybetermalloc2.o(.text)
    __Heap_ProvideMemory                     0x08001263   Thumb Code    68  h1_extend_threads.o(.text)
    _ftell_internal                          0x080012a7   Thumb Code    66  ftell.o(.text)
    ftell                                    0x080012a7   Thumb Code     0  ftell.o(.text)
    __default_signal_display                 0x080012e9   Thumb Code    50  defsig_general.o(.text)
    __rt_SIGRTMEM                            0x0800131b   Thumb Code    14  defsig_rtmem_outer.o(.text)
    _ttywrch                                 0x08001329   Thumb Code    14  sys_wrch.o(.text)
    __I$use$semihosting                      0x08001337   Thumb Code     0  use_no_semi.o(.text)
    __use_no_semihosting_swi                 0x08001337   Thumb Code     2  use_no_semi.o(.text)
    __aeabi_errno_addr                       0x08001339   Thumb Code     4  rt_errno_addr_twolibspace.o(.text)
    __errno$twolibspace                      0x08001339   Thumb Code     0  rt_errno_addr_twolibspace.o(.text)
    __rt_errno_addr$twolibspace              0x08001339   Thumb Code     0  rt_errno_addr_twolibspace.o(.text)
    __semihosting_library_function           0x08001339   Thumb Code     0  indicate_semi.o(.text)
    _terminate_alloc                         0x0800133d   Thumb Code    16  term_alloc.o(.text)
    __rt_SIGRTMEM_inner                      0x0800134d   Thumb Code    22  defsig_rtmem_inner.o(.text)
    __Heap_Finalize                          0x0800139d   Thumb Code    10  h1_final_threads.o(.text)
    _fp_init                                 0x080013a9   Thumb Code    22  rtx_lib.o(.text.$Sub$$_fp_init)
    HAL_Delay                                0x08001639   Thumb Code    40  stm32f4xx_hal.o(.text.HAL_Delay)
    HAL_GPIO_DeInit                          0x08001661   Thumb Code   262  stm32f4xx_hal_gpio.o(.text.HAL_GPIO_DeInit)
    HAL_GPIO_Init                            0x08001769   Thumb Code   406  stm32f4xx_hal_gpio.o(.text.HAL_GPIO_Init)
    HAL_GPIO_ReadPin                         0x08001901   Thumb Code    10  stm32f4xx_hal_gpio.o(.text.HAL_GPIO_ReadPin)
    HAL_GPIO_WritePin                        0x0800190d   Thumb Code    10  stm32f4xx_hal_gpio.o(.text.HAL_GPIO_WritePin)
    HAL_GetTick                              0x08001919   Thumb Code    12  stm32f4xx_hal.o(.text.HAL_GetTick)
    HAL_NVIC_ClearPendingIRQ                 0x08001925   Thumb Code     8  stm32f4xx_hal_cortex.o(.text.HAL_NVIC_ClearPendingIRQ)
    HAL_NVIC_DisableIRQ                      0x0800192d   Thumb Code     8  stm32f4xx_hal_cortex.o(.text.HAL_NVIC_DisableIRQ)
    HAL_NVIC_EnableIRQ                       0x08001935   Thumb Code     8  stm32f4xx_hal_cortex.o(.text.HAL_NVIC_EnableIRQ)
    HAL_RCC_GetHCLKFreq                      0x0800193d   Thumb Code    12  stm32f4xx_hal_rcc.o(.text.HAL_RCC_GetHCLKFreq)
    HAL_RCC_GetPCLK1Freq                     0x08001949   Thumb Code    34  stm32f4xx_hal_rcc.o(.text.HAL_RCC_GetPCLK1Freq)
    I2C1_ER_IRQHandler                       0x08001975   Thumb Code     8  i2c_stm32f4xx.o(.text.I2C1_ER_IRQHandler)
    I2C1_EV_IRQHandler                       0x0800197d   Thumb Code     8  i2c_stm32f4xx.o(.text.I2C1_EV_IRQHandler)
    OS_Tick_AcknowledgeIRQ                   0x08002819   Thumb Code     8  os_systick.o(.text.OS_Tick_AcknowledgeIRQ)
    OS_Tick_Enable                           0x08002821   Thumb Code    32  os_systick.o(.text.OS_Tick_Enable)
    OS_Tick_GetIRQn                          0x08002845   Thumb Code     6  os_systick.o(.text.OS_Tick_GetIRQn)
    OS_Tick_Setup                            0x0800284d   Thumb Code    48  os_systick.o(.text.OS_Tick_Setup)
    SystemCoreClockUpdate                    0x08002959   Thumb Code   126  system_stm32f4xx.o(.text.SystemCoreClockUpdate)
    SystemInit                               0x080029d9   Thumb Code    18  system_stm32f4xx.o(.text.SystemInit)
    TIM2_IRQHandler                          0x080029ed   Thumb Code   226  xy.o(.text.TIM2_IRQHandler)
    TIM3_IRQHandler                          0x08002ad1   Thumb Code    56  stepper.o(.text.TIM3_IRQHandler)
    __user_perthread_libspace                0x08002c2d   Thumb Code    86  rtx_lib.o(.text.__user_perthread_libspace)
    _mutex_acquire                           0x08002c85   Thumb Code    26  rtx_lib.o(.text._mutex_acquire)
    _mutex_free                              0x08002ca1   Thumb Code    10  rtx_lib.o(.text._mutex_free)
    _mutex_initialize                        0x08002cad   Thumb Code    32  rtx_lib.o(.text._mutex_initialize)
    _mutex_release                           0x08002ccd   Thumb Code    22  rtx_lib.o(.text._mutex_release)
    _platform_post_stackheap_init            0x08002ce5   Thumb Code     8  rtx_lib.o(.text._platform_post_stackheap_init)
    _sys_close                               0x08002ced   Thumb Code    18  retarget_io.o(.text._sys_close)
    _sys_flen                                0x08002d01   Thumb Code     4  retarget_io.o(.text._sys_flen)
    _sys_istty                               0x08002d05   Thumb Code    16  retarget_io.o(.text._sys_istty)
    _sys_open                                0x08002d15   Thumb Code    76  retarget_io.o(.text._sys_open)
    _sys_seek                                0x08002d79   Thumb Code     6  retarget_io.o(.text._sys_seek)
    _sys_write                               0x08002d81   Thumb Code    46  retarget_io.o(.text._sys_write)
    app                                      0x08002db1   Thumb Code   136  app_xy.o(.text.app)
    gCodeParse                               0x08002e79   Thumb Code   132  gcode.o(.text.gCodeParse)
    g_exec                                   0x08002efd   Thumb Code   184  gconnet.o(.text.g_exec)
    main                                     0x080031c5   Thumb Code    34  main.o(.text.main)
    osDelay                                  0x0800320d   Thumb Code    32  rtx_delay.o(.text.osDelay)
    osKernelGetState                         0x08003231   Thumb Code    40  rtx_kernel.o(.text.osKernelGetState)
    osKernelInitialize                       0x08003261   Thumb Code    40  rtx_kernel.o(.text.osKernelInitialize)
    osKernelStart                            0x0800328d   Thumb Code    32  rtx_kernel.o(.text.osKernelStart)
    osMessageQueueGet                        0x080032b1   Thumb Code   108  rtx_msgqueue.o(.text.osMessageQueueGet)
    osMessageQueuePut                        0x08003321   Thumb Code   124  rtx_msgqueue.o(.text.osMessageQueuePut)
    osMutexAcquire                           0x080033a1   Thumb Code    32  rtx_mutex.o(.text.osMutexAcquire)
    osMutexDelete                            0x080033c5   Thumb Code    32  rtx_mutex.o(.text.osMutexDelete)
    osMutexNew                               0x080033e9   Thumb Code    32  rtx_mutex.o(.text.osMutexNew)
    osMutexRelease                           0x0800340d   Thumb Code    32  rtx_mutex.o(.text.osMutexRelease)
    osRtxErrorNotify                         0x08003431   Thumb Code     2  rtx_config.o(.text.osRtxErrorNotify)
    osRtxIdleThread                          0x08003435   Thumb Code     2  rtx_config.o(.text.osRtxIdleThread)
    osRtxKernelErrorNotify                   0x08003437   Thumb Code     4  rtx_kernel.o(.text.osRtxKernelErrorNotify)
    osRtxKernelPreInit                       0x0800343b   Thumb Code     2  rtx_kernel.o(.text.osRtxKernelPreInit)
    osRtxMemoryAlloc                         0x0800343d   Thumb Code   108  rtx_memory.o(.text.osRtxMemoryAlloc)
    osRtxMemoryFree                          0x080034a9   Thumb Code    66  rtx_memory.o(.text.osRtxMemoryFree)
    osRtxMemoryInit                          0x080034eb   Thumb Code    54  rtx_memory.o(.text.osRtxMemoryInit)
    osRtxMemoryPoolAlloc                     0x08003521   Thumb Code    58  rtx_mempool.o(.text.osRtxMemoryPoolAlloc)
    osRtxMemoryPoolFree                      0x0800355b   Thumb Code    74  rtx_mempool.o(.text.osRtxMemoryPoolFree)
    osRtxMemoryPoolInit                      0x080035a5   Thumb Code    56  rtx_mempool.o(.text.osRtxMemoryPoolInit)
    osRtxMessageQueueTimerSetup              0x08003689   Thumb Code    32  rtx_msgqueue.o(.text.osRtxMessageQueueTimerSetup)
    osRtxMutexOwnerRelease                   0x080036ad   Thumb Code    72  rtx_mutex.o(.text.osRtxMutexOwnerRelease)
    osRtxMutexOwnerRestore                   0x080036f5   Thumb Code    72  rtx_mutex.o(.text.osRtxMutexOwnerRestore)
    osRtxPendSV_Handler                      0x0800373d   Thumb Code   136  rtx_system.o(.text.osRtxPendSV_Handler)
    osRtxPostProcess                         0x080037c5   Thumb Code   108  rtx_system.o(.text.osRtxPostProcess)
    osRtxThreadDelayTick                     0x08003921   Thumb Code    80  rtx_thread.o(.text.osRtxThreadDelayTick)
    osRtxThreadDispatch                      0x08003991   Thumb Code    80  rtx_thread.o(.text.osRtxThreadDispatch)
    osRtxThreadListGet                       0x08003a57   Thumb Code    18  rtx_thread.o(.text.osRtxThreadListGet)
    osRtxThreadListPut                       0x08003a69   Thumb Code    44  rtx_thread.o(.text.osRtxThreadListPut)
    osRtxThreadListRemove                    0x08003a95   Thumb Code    20  rtx_thread.o(.text.osRtxThreadListRemove)
    osRtxThreadListSort                      0x08003aa9   Thumb Code    38  rtx_thread.o(.text.osRtxThreadListSort)
    osRtxThreadReadyPut                      0x08003af9   Thumb Code    16  rtx_thread.o(.text.osRtxThreadReadyPut)
    osRtxThreadRegPtr                        0x08003b0d   Thumb Code    20  rtx_thread.o(.text.osRtxThreadRegPtr)
    osRtxThreadStartup                       0x08003b21   Thumb Code    48  rtx_thread.o(.text.osRtxThreadStartup)
    osRtxThreadSwitch                        0x08003b59   Thumb Code    12  rtx_thread.o(.text.osRtxThreadSwitch)
    osRtxThreadWaitEnter                     0x08003b65   Thumb Code    56  rtx_thread.o(.text.osRtxThreadWaitEnter)
    osRtxThreadWaitExit                      0x08003ba1   Thumb Code    48  rtx_thread.o(.text.osRtxThreadWaitExit)
    osRtxTick_Handler                        0x08003bd1   Thumb Code   116  rtx_system.o(.text.osRtxTick_Handler)
    osRtxTimerSetup                          0x08003c49   Thumb Code    24  rtx_timer.o(.text.osRtxTimerSetup)
    osRtxTimerThread                         0x08003c69   Thumb Code    32  rtx_timer.o(.text.osRtxTimerThread)
    osThreadExit                             0x08003cf9   Thumb Code     8  rtx_thread.o(.text.osThreadExit)
    osThreadGetId                            0x08003d05   Thumb Code    32  rtx_thread.o(.text.osThreadGetId)
    osThreadNew                              0x08003d2d   Thumb Code    32  rtx_thread.o(.text.osThreadNew)
    sensorInit                               0x08003d71   Thumb Code   164  sensor.o(.text.sensorInit)
    sensorRead                               0x08003e15   Thumb Code   104  sensor.o(.text.sensorRead)
    stdout_goxy                              0x08003e7d   Thumb Code     8  ssd1306_128x64.o(.text.stdout_goxy)
    stdout_goxy_oled                         0x08003e85   Thumb Code    24  ssd1306_128x64.o(.text.stdout_goxy_oled)
    stdout_putchar                           0x08003ff1   Thumb Code     8  ssd1306_128x64.o(.text.stdout_putchar)
    stdout_putchar_oled                      0x08003ff9   Thumb Code   374  ssd1306_128x64.o(.text.stdout_putchar_oled)
    tick                                     0x08004a2d   Thumb Code    82  app_xy.o(.text.tick)
    xy_get                                   0x08004a81   Thumb Code    38  xy.o(.text.xy_get)
    xy_init                                  0x08004aa9   Thumb Code   466  xy.o(.text.xy_init)
    xy_isbusy                                0x08004c7d   Thumb Code    56  xy.o(.text.xy_isbusy)
    xy_mm2stp                                0x08004cb5   Thumb Code    26  xy.o(.text.xy_mm2stp)
    xy_move                                  0x08004cd1   Thumb Code    80  xy.o(.text.xy_move)
    xy_moved                                 0x08004d21   Thumb Code   218  xy.o(.text.xy_moved)
    xy_set                                   0x08004dfd   Thumb Code    32  xy.o(.text.xy_set)
    _fputc$unlocked                          0x08004e1d   Thumb Code    26  fputc.o(i.fputc)
    $Super$$_fp_init                         0x08004e37   Thumb Code    26  fpinit.o(x$fpl$fpinit)
    __fplib_config_fpu_vfp                   0x08004e4f   Thumb Code     0  fpinit.o(x$fpl$fpinit)
    __fplib_config_pureend_doubles           0x08004e4f   Thumb Code     0  fpinit.o(x$fpl$fpinit)
    osRtxConfig                              0x08004e50   Data         112  rtx_lib.o(.rodata)
    os_cb_sections                           0x08004ec0   Data          56  rtx_lib.o(.rodata)
    AHBPrescTable                            0x08004ef8   Data          16  system_stm32f4xx.o(.rodata.AHBPrescTable)
    APBPrescTable                            0x08004f08   Data           8  system_stm32f4xx.o(.rodata.APBPrescTable)
    Driver_I2C1                              0x08004f10   Data          48  i2c_stm32f4xx.o(.rodata.Driver_I2C1)
    __stderr_name                            0x08004f40   Data           8  retarget_io.o(.rodata.__stderr_name)
    __stdin_name                             0x08004f48   Data           7  retarget_io.o(.rodata.__stdin_name)
    __stdout_name                            0x08004f4f   Data           8  retarget_io.o(.rodata.__stdout_name)
    drawing                                  0x08004f57   Data        2424  draw.o(.rodata.drawing)
    font                                     0x080058cf   Data         766  ssd1306_128x64.o(.rodata.font)
    osRtxUserSVC                             0x08005bd0   Data           4  rtx_lib.o(.rodata.osRtxUserSVC)
    Region$$Table$$Base                      0x08005c40   Number         0  anon$$obj.o(Region$$Table)
    Region$$Table$$Limit                     0x08005c60   Number         0  anon$$obj.o(Region$$Table)
    __aeabi_stdin                            0x20000000   Data           4  stdio_streams.o(.data)
    __aeabi_stdout                           0x20000004   Data           4  stdio_streams.o(.data)
    __aeabi_stderr                           0x20000008   Data           4  stdio_streams.o(.data)
    _stream_list_lock                        0x2000000c   Data           4  streamlock.o(.data)
    SystemCoreClock                          0x20000010   Data           4  system_stm32f4xx.o(.data.SystemCoreClock)
    osRtxInfo                                0x20000014   Data         164  rtx_kernel.o(.data.os)
    uwTickFreq                               0x200000b8   Data           1  stm32f4xx_hal.o(.data.uwTickFreq)
    __stdin                                  0x200000c0   Data          84  stdio_streams.o(.bss)
    __stdout                                 0x20000114   Data          84  stdio_streams.o(.bss)
    __stderr                                 0x20000168   Data          84  stdio_streams.o(.bss)
    __libspace_start                         0x200001bc   Data          96  libspace.o(.bss)
    __temporary_stack_top$libspace           0x2000021c   Data           0  libspace.o(.bss)
    .bss.os.msgqueue.cb$$Base                0x200044ec   Number         0  rtx_lib.o(.bss.os.msgqueue.cb)
    .bss.os.msgqueue.cb$$Limit               0x20004520   Number         0  rtx_lib.o(.bss.os.msgqueue.cb)
    .bss.os.thread.cb$$Base                  0x20004570   Number         0  rtx_lib.o(.bss.os.thread.cb)
    .bss.os.thread.cb$$Limit                 0x200045f8   Number         0  rtx_lib.o(.bss.os.thread.cb)
    uwTick                                   0x20004884   Data           4  stm32f4xx_hal.o(.bss.uwTick)



==============================================================================

Memory Map of the image

  Image Entry point : 0x08000195

  Load Region LR_IROM1 (Base: 0x08000000, Size: 0x00005d20, Max: 0x00040000, ABSOLUTE)

    Execution Region ER_IROM1 (Exec base: 0x08000000, Load base: 0x08000000, Size: 0x00005c60, Max: 0x00040000, ABSOLUTE)

    Exec Addr    Load Addr    Size         Type   Attr      Idx    E Section Name        Object

    0x08000000   0x08000000   0x00000194   Data   RO          838    RESET               startup_stm32f401xc.o
    0x08000194   0x08000194   0x00000008   Code   RO         1395  * !!!main             c_w.l(__main.o)
    0x0800019c   0x0800019c   0x00000034   Code   RO         1753    !!!scatter          c_w.l(__scatter.o)
    0x080001d0   0x080001d0   0x0000001a   Code   RO         1755    !!handler_copy      c_w.l(__scatter_copy.o)
    0x080001ea   0x080001ea   0x00000002   PAD
    0x080001ec   0x080001ec   0x0000001c   Code   RO         1757    !!handler_zi        c_w.l(__scatter_zi.o)
    0x08000208   0x08000208   0x00000000   Code   RO         1382    .ARM.Collect$$_printf_percent$$00000000  c_w.l(_printf_percent.o)
    0x08000208   0x08000208   0x00000006   Code   RO         1381    .ARM.Collect$$_printf_percent$$00000009  c_w.l(_printf_d.o)
    0x0800020e   0x0800020e   0x00000006   Code   RO         1380    .ARM.Collect$$_printf_percent$$00000014  c_w.l(_printf_s.o)
    0x08000214   0x08000214   0x00000004   Code   RO         1410    .ARM.Collect$$_printf_percent$$00000017  c_w.l(_printf_percent_end.o)
    0x08000218   0x08000218   0x00000002   Code   RO         1558    .ARM.Collect$$libinit$$00000000  c_w.l(libinit.o)
    0x0800021a   0x0800021a   0x00000004   Code   RO         1559    .ARM.Collect$$libinit$$00000001  c_w.l(libinit2.o)
    0x0800021e   0x0800021e   0x00000000   Code   RO         1562    .ARM.Collect$$libinit$$00000004  c_w.l(libinit2.o)
    0x0800021e   0x0800021e   0x00000008   Code   RO         1563    .ARM.Collect$$libinit$$00000005  c_w.l(libinit2.o)
    0x08000226   0x08000226   0x00000000   Code   RO         1565    .ARM.Collect$$libinit$$0000000A  c_w.l(libinit2.o)
    0x08000226   0x08000226   0x00000000   Code   RO         1567    .ARM.Collect$$libinit$$0000000C  c_w.l(libinit2.o)
    0x08000226   0x08000226   0x00000000   Code   RO         1569    .ARM.Collect$$libinit$$0000000E  c_w.l(libinit2.o)
    0x08000226   0x08000226   0x00000000   Code   RO         1572    .ARM.Collect$$libinit$$00000011  c_w.l(libinit2.o)
    0x08000226   0x08000226   0x00000000   Code   RO         1574    .ARM.Collect$$libinit$$00000013  c_w.l(libinit2.o)
    0x08000226   0x08000226   0x00000000   Code   RO         1576    .ARM.Collect$$libinit$$00000015  c_w.l(libinit2.o)
    0x08000226   0x08000226   0x00000000   Code   RO         1578    .ARM.Collect$$libinit$$00000017  c_w.l(libinit2.o)
    0x08000226   0x08000226   0x00000000   Code   RO         1580    .ARM.Collect$$libinit$$00000019  c_w.l(libinit2.o)
    0x08000226   0x08000226   0x00000000   Code   RO         1582    .ARM.Collect$$libinit$$0000001B  c_w.l(libinit2.o)
    0x08000226   0x08000226   0x00000000   Code   RO         1584    .ARM.Collect$$libinit$$0000001D  c_w.l(libinit2.o)
    0x08000226   0x08000226   0x00000000   Code   RO         1586    .ARM.Collect$$libinit$$0000001F  c_w.l(libinit2.o)
    0x08000226   0x08000226   0x00000000   Code   RO         1588    .ARM.Collect$$libinit$$00000021  c_w.l(libinit2.o)
    0x08000226   0x08000226   0x00000000   Code   RO         1590    .ARM.Collect$$libinit$$00000023  c_w.l(libinit2.o)
    0x08000226   0x08000226   0x00000004   Code   RO         1591    .ARM.Collect$$libinit$$00000024  c_w.l(libinit2.o)
    0x0800022a   0x0800022a   0x00000000   Code   RO         1592    .ARM.Collect$$libinit$$00000025  c_w.l(libinit2.o)
    0x0800022a   0x0800022a   0x00000000   Code   RO         1596    .ARM.Collect$$libinit$$0000002C  c_w.l(libinit2.o)
    0x0800022a   0x0800022a   0x00000000   Code   RO         1598    .ARM.Collect$$libinit$$0000002E  c_w.l(libinit2.o)
    0x0800022a   0x0800022a   0x00000000   Code   RO         1600    .ARM.Collect$$libinit$$00000030  c_w.l(libinit2.o)
    0x0800022a   0x0800022a   0x00000000   Code   RO         1602    .ARM.Collect$$libinit$$00000032  c_w.l(libinit2.o)
    0x0800022a   0x0800022a   0x00000002   Code   RO         1603    .ARM.Collect$$libinit$$00000033  c_w.l(libinit2.o)
    0x0800022c   0x0800022c   0x00000002   Code   RO         1734    .ARM.Collect$$libshutdown$$00000000  c_w.l(libshutdown.o)
    0x0800022e   0x0800022e   0x00000000   Code   RO         1605    .ARM.Collect$$libshutdown$$00000002  c_w.l(libshutdown2.o)
    0x0800022e   0x0800022e   0x00000004   Code   RO         1606    .ARM.Collect$$libshutdown$$00000003  c_w.l(libshutdown2.o)
    0x08000232   0x08000232   0x00000000   Code   RO         1607    .ARM.Collect$$libshutdown$$00000004  c_w.l(libshutdown2.o)
    0x08000232   0x08000232   0x00000000   Code   RO         1610    .ARM.Collect$$libshutdown$$00000007  c_w.l(libshutdown2.o)
    0x08000232   0x08000232   0x00000000   Code   RO         1613    .ARM.Collect$$libshutdown$$0000000A  c_w.l(libshutdown2.o)
    0x08000232   0x08000232   0x00000000   Code   RO         1615    .ARM.Collect$$libshutdown$$0000000C  c_w.l(libshutdown2.o)
    0x08000232   0x08000232   0x00000004   Code   RO         1616    .ARM.Collect$$libshutdown$$0000000D  c_w.l(libshutdown2.o)
    0x08000236   0x08000236   0x00000000   Code   RO         1618    .ARM.Collect$$libshutdown$$0000000F  c_w.l(libshutdown2.o)
    0x08000236   0x08000236   0x00000002   Code   RO         1619    .ARM.Collect$$libshutdown$$00000010  c_w.l(libshutdown2.o)
    0x08000238   0x08000238   0x00000000   Code   RO         1399    .ARM.Collect$$rtentry$$00000000  c_w.l(__rtentry.o)
    0x08000238   0x08000238   0x00000000   Code   RO         1426    .ARM.Collect$$rtentry$$00000002  c_w.l(__rtentry2.o)
    0x08000238   0x08000238   0x00000006   Code   RO         1438    .ARM.Collect$$rtentry$$00000004  c_w.l(__rtentry4.o)
    0x0800023e   0x0800023e   0x00000008   Code   RO         1427    .ARM.Collect$$rtentry$$00000008  c_w.l(__rtentry2.o)
    0x08000246   0x08000246   0x00000004   Code   RO         1429    .ARM.Collect$$rtentry$$0000000A  c_w.l(__rtentry2.o)
    0x0800024a   0x0800024a   0x00000000   Code   RO         1431    .ARM.Collect$$rtentry$$0000000C  c_w.l(__rtentry2.o)
    0x0800024a   0x0800024a   0x00000008   Code   RO         1432    .ARM.Collect$$rtentry$$0000000D  c_w.l(__rtentry2.o)
    0x08000252   0x08000252   0x00000002   Code   RO         1623    .ARM.Collect$$rtexit$$00000000  c_w.l(rtexit.o)
    0x08000254   0x08000254   0x00000000   Code   RO         1681    .ARM.Collect$$rtexit$$00000002  c_w.l(rtexit2.o)
    0x08000254   0x08000254   0x00000004   Code   RO         1682    .ARM.Collect$$rtexit$$00000003  c_w.l(rtexit2.o)
    0x08000258   0x08000258   0x00000006   Code   RO         1683    .ARM.Collect$$rtexit$$00000004  c_w.l(rtexit2.o)
    0x0800025e   0x0800025e   0x00000002   PAD
    0x08000260   0x08000260   0x00000040   Code   RO          839    .text               startup_stm32f401xc.o
    0x080002a0   0x080002a0   0x000000c8   Code   RO         1170    .text               RTX_CM4F.lib(irq_armv7m.o)
    0x08000368   0x08000368   0x00000018   Code   RO         1352    .text               c_w.l(noretval__2printf.o)
    0x08000380   0x08000380   0x00000068   Code   RO         1354    .text               c_w.l(__printf.o)
    0x080003e8   0x080003e8   0x00000052   Code   RO         1356    .text               c_w.l(_printf_str.o)
    0x0800043a   0x0800043a   0x00000002   PAD
    0x0800043c   0x0800043c   0x00000078   Code   RO         1358    .text               c_w.l(_printf_dec.o)
    0x080004b4   0x080004b4   0x0000008a   Code   RO         1385    .text               c_w.l(rt_memcpy_v6.o)
    0x0800053e   0x0800053e   0x00000044   Code   RO         1387    .text               c_w.l(rt_memclr.o)
    0x08000582   0x08000582   0x0000004e   Code   RO         1389    .text               c_w.l(rt_memclr_w.o)
    0x080005d0   0x080005d0   0x0000007c   Code   RO         1391    .text               c_w.l(strcmpv7em.o)
    0x0800064c   0x0800064c   0x00000006   Code   RO         1393    .text               c_w.l(heapauxi.o)
    0x08000652   0x08000652   0x000000b2   Code   RO         1404    .text               c_w.l(_printf_intcommon.o)
    0x08000704   0x08000704   0x0000002c   Code   RO         1406    .text               c_w.l(_printf_char.o)
    0x08000730   0x08000730   0x00000064   Code   RO         1423    .text               c_w.l(rt_memcpy_w.o)
    0x08000794   0x08000794   0x00000030   Code   RO         1442    .text               c_w.l(_printf_char_common.o)
    0x080007c4   0x080007c4   0x000001d6   Code   RO         1446    .text               c_w.l(flsbuf.o)
    0x0800099a   0x0800099a   0x00000002   PAD
    0x0800099c   0x0800099c   0x000001c8   Code   RO         1452    .text               c_w.l(initio_locked.o)
    0x08000b64   0x08000b64   0x0000004a   Code   RO         1456    .text               c_w.l(sys_stackheap_outer.o)
    0x08000bae   0x08000bae   0x000000a6   Code   RO         1466    .text               c_w.l(h1_alloc_threads.o)
    0x08000c54   0x08000c54   0x00000076   Code   RO         1468    .text               c_w.l(h1_free_threads.o)
    0x08000cca   0x08000cca   0x00000002   PAD
    0x08000ccc   0x08000ccc   0x00000040   Code   RO         1522    .text               c_w.l(_printf_char_file_locked.o)
    0x08000d0c   0x08000d0c   0x000000f0   Code   RO         1526    .text               c_w.l(stdio.o)
    0x08000dfc   0x08000dfc   0x0000004c   Code   RO         1533    .text               c_w.l(fclose.o)
    0x08000e48   0x08000e48   0x00000040   Code   RO         1535    .text               c_w.l(puts_locked.o)
    0x08000e88   0x08000e88   0x00000068   Code   RO         1537    .text               c_w.l(setvbuf_locked.o)
    0x08000ef0   0x08000ef0   0x0000014c   Code   RO         1539    .text               c_w.l(fopen_locked.o)
    0x0800103c   0x0800103c   0x00000012   Code   RO         1543    .text               c_w.l(exit.o)
    0x0800104e   0x0800104e   0x0000000e   Code   RO         1549    .text               c_w.l(defsig_rtred_outer.o)
    0x0800105c   0x0800105c   0x00000008   Code   RO         1620    .text               c_w.l(libspace.o)
    0x08001064   0x08001064   0x0000000a   Code   RO         1632    .text               c_w.l(rt_heap_descriptor_twolibspace.o)
    0x0800106e   0x0800106e   0x00000004   Code   RO         1634    .text               c_w.l(hguard.o)
    0x08001072   0x08001072   0x0000008a   Code   RO         1636    .text               c_w.l(init_alloc.o)
    0x080010fc   0x080010fc   0x00000012   Code   RO         1642    .text               c_w.l(h1_init_threads.o)
    0x0800110e   0x0800110e   0x00000002   PAD
    0x08001110   0x08001110   0x000000f8   Code   RO         1656    .text               c_w.l(fseek.o)
    0x08001208   0x08001208   0x0000000a   Code   RO         1662    .text               c_w.l(defsig_exit.o)
    0x08001212   0x08001212   0x00000002   PAD
    0x08001214   0x08001214   0x00000034   Code   RO         1666    .text               c_w.l(defsig_rtred_inner.o)
    0x08001248   0x08001248   0x0000000c   Code   RO         1674    .text               c_w.l(sys_exit.o)
    0x08001254   0x08001254   0x00000000   Code   RO         1690    .text               c_w.l(maybetermalloc2.o)
    0x08001254   0x08001254   0x00000052   Code   RO         1693    .text               c_w.l(h1_extend_threads.o)
    0x080012a6   0x080012a6   0x00000042   Code   RO         1695    .text               c_w.l(ftell.o)
    0x080012e8   0x080012e8   0x00000032   Code   RO         1699    .text               c_w.l(defsig_general.o)
    0x0800131a   0x0800131a   0x0000000e   Code   RO         1701    .text               c_w.l(defsig_rtmem_outer.o)
    0x08001328   0x08001328   0x0000000e   Code   RO         1712    .text               c_w.l(sys_wrch.o)
    0x08001336   0x08001336   0x00000002   Code   RO         1716    .text               c_w.l(use_no_semi.o)
    0x08001338   0x08001338   0x00000000   Code   RO         1718    .text               c_w.l(indicate_semi.o)
    0x08001338   0x08001338   0x00000004   Code   RO         1724    .text               c_w.l(rt_errno_addr_twolibspace.o)
    0x0800133c   0x0800133c   0x00000010   Code   RO         1726    .text               c_w.l(term_alloc.o)
    0x0800134c   0x0800134c   0x00000050   Code   RO         1728    .text               c_w.l(defsig_rtmem_inner.o)
    0x0800139c   0x0800139c   0x0000000a   Code   RO         1737    .text               c_w.l(h1_final_threads.o)
    0x080013a6   0x080013a6   0x00000002   PAD
    0x080013a8   0x080013a8   0x00000016   Code   RO          178    .text.$Sub$$_fp_init  rtx_lib.o
    0x080013be   0x080013be   0x00000002   PAD
    0x080013c0   0x080013c0   0x00000024   Code   RO          259    .text.Enable_GPIO_Clock  i2c_stm32f4xx.o
    0x080013e4   0x080013e4   0x0000009a   Code   RO           35    .text.G0            gconnet.o
    0x0800147e   0x0800147e   0x00000002   PAD
    0x08001480   0x08001480   0x0000009a   Code   RO           37    .text.G1            gconnet.o
    0x0800151a   0x0800151a   0x00000002   PAD
    0x0800151c   0x0800151c   0x000000fa   Code   RO           29    .text.G28           gconnet.o
    0x08001616   0x08001616   0x00000002   PAD
    0x08001618   0x08001618   0x0000000e   Code   RO           31    .text.G90           gconnet.o
    0x08001626   0x08001626   0x00000002   PAD
    0x08001628   0x08001628   0x0000000e   Code   RO           33    .text.G91           gconnet.o
    0x08001636   0x08001636   0x00000002   PAD
    0x08001638   0x08001638   0x00000028   Code   RO          334    .text.HAL_Delay     stm32f4xx_hal.o
    0x08001660   0x08001660   0x00000106   Code   RO          507    .text.HAL_GPIO_DeInit  stm32f4xx_hal_gpio.o
    0x08001766   0x08001766   0x00000002   PAD
    0x08001768   0x08001768   0x00000196   Code   RO          505    .text.HAL_GPIO_Init  stm32f4xx_hal_gpio.o
    0x080018fe   0x080018fe   0x00000002   PAD
    0x08001900   0x08001900   0x0000000a   Code   RO          509    .text.HAL_GPIO_ReadPin  stm32f4xx_hal_gpio.o
    0x0800190a   0x0800190a   0x00000002   PAD
    0x0800190c   0x0800190c   0x0000000a   Code   RO          511    .text.HAL_GPIO_WritePin  stm32f4xx_hal_gpio.o
    0x08001916   0x08001916   0x00000002   PAD
    0x08001918   0x08001918   0x0000000c   Code   RO          326    .text.HAL_GetTick   stm32f4xx_hal.o
    0x08001924   0x08001924   0x00000008   Code   RO          429    .text.HAL_NVIC_ClearPendingIRQ  stm32f4xx_hal_cortex.o
    0x0800192c   0x0800192c   0x00000008   Code   RO          395    .text.HAL_NVIC_DisableIRQ  stm32f4xx_hal_cortex.o
    0x08001934   0x08001934   0x00000008   Code   RO          391    .text.HAL_NVIC_EnableIRQ  stm32f4xx_hal_cortex.o
    0x0800193c   0x0800193c   0x0000000c   Code   RO          795    .text.HAL_RCC_GetHCLKFreq  stm32f4xx_hal_rcc.o
    0x08001948   0x08001948   0x00000022   Code   RO          797    .text.HAL_RCC_GetPCLK1Freq  stm32f4xx_hal_rcc.o
    0x0800196a   0x0800196a   0x00000002   PAD
    0x0800196c   0x0800196c   0x00000008   Code   RO          253    .text.I2C1_Control  i2c_stm32f4xx.o
    0x08001974   0x08001974   0x00000008   Code   RO          229    .text.I2C1_ER_IRQHandler  i2c_stm32f4xx.o
    0x0800197c   0x0800197c   0x00000008   Code   RO          225    .text.I2C1_EV_IRQHandler  i2c_stm32f4xx.o
    0x08001984   0x08001984   0x00000008   Code   RO          251    .text.I2C1_GetDataCount  i2c_stm32f4xx.o
    0x0800198c   0x0800198c   0x00000008   Code   RO          255    .text.I2C1_GetStatus  i2c_stm32f4xx.o
    0x08001994   0x08001994   0x0000000a   Code   RO          237    .text.I2C1_Initialize  i2c_stm32f4xx.o
    0x0800199e   0x0800199e   0x00000002   PAD
    0x080019a0   0x080019a0   0x00000008   Code   RO          245    .text.I2C1_MasterReceive  i2c_stm32f4xx.o
    0x080019a8   0x080019a8   0x00000008   Code   RO          243    .text.I2C1_MasterTransmit  i2c_stm32f4xx.o
    0x080019b0   0x080019b0   0x00000008   Code   RO          241    .text.I2C1_PowerControl  i2c_stm32f4xx.o
    0x080019b8   0x080019b8   0x00000008   Code   RO          249    .text.I2C1_SlaveReceive  i2c_stm32f4xx.o
    0x080019c0   0x080019c0   0x00000008   Code   RO          247    .text.I2C1_SlaveTransmit  i2c_stm32f4xx.o
    0x080019c8   0x080019c8   0x0000000a   Code   RO          239    .text.I2C1_Uninitialize  i2c_stm32f4xx.o
    0x080019d2   0x080019d2   0x00000002   PAD
    0x080019d4   0x080019d4   0x00000004   Code   RO          235    .text.I2CX_GetCapabilities  i2c_stm32f4xx.o
    0x080019d8   0x080019d8   0x0000000a   Code   RO          233    .text.I2CX_GetVersion  i2c_stm32f4xx.o
    0x080019e2   0x080019e2   0x00000002   PAD
    0x080019e4   0x080019e4   0x000002a4   Code   RO          275    .text.I2C_Control   i2c_stm32f4xx.o
    0x08001c88   0x08001c88   0x00000162   Code   RO          231    .text.I2C_ER_IRQHandler  i2c_stm32f4xx.o
    0x08001dea   0x08001dea   0x00000002   PAD
    0x08001dec   0x08001dec   0x0000051e   Code   RO          227    .text.I2C_EV_IRQHandler  i2c_stm32f4xx.o
    0x0800230a   0x0800230a   0x00000002   PAD
    0x0800230c   0x0800230c   0x00000026   Code   RO          273    .text.I2C_GetDataCount  i2c_stm32f4xx.o
    0x08002332   0x08002332   0x00000002   PAD
    0x08002334   0x08002334   0x0000000c   Code   RO          277    .text.I2C_GetStatus  i2c_stm32f4xx.o
    0x08002340   0x08002340   0x0000007e   Code   RO          257    .text.I2C_Initialize  i2c_stm32f4xx.o
    0x080023be   0x080023be   0x00000002   PAD
    0x080023c0   0x080023c0   0x000000c0   Code   RO          267    .text.I2C_MasterReceive  i2c_stm32f4xx.o
    0x08002480   0x08002480   0x000000bc   Code   RO          265    .text.I2C_MasterTransmit  i2c_stm32f4xx.o
    0x0800253c   0x0800253c   0x0000014a   Code   RO          263    .text.I2C_PowerControl  i2c_stm32f4xx.o
    0x08002686   0x08002686   0x00000002   PAD
    0x08002688   0x08002688   0x00000054   Code   RO          271    .text.I2C_SlaveReceive  i2c_stm32f4xx.o
    0x080026dc   0x080026dc   0x00000058   Code   RO          269    .text.I2C_SlaveTransmit  i2c_stm32f4xx.o
    0x08002734   0x08002734   0x0000002e   Code   RO          261    .text.I2C_Uninitialize  i2c_stm32f4xx.o
    0x08002762   0x08002762   0x00000040   Code   RO         1286    .text.MessageQueueGet  RTX_CM4F.lib(rtx_msgqueue.o)
    0x080027a2   0x080027a2   0x00000058   Code   RO         1280    .text.MessageQueuePut  RTX_CM4F.lib(rtx_msgqueue.o)
    0x080027fa   0x080027fa   0x0000001c   Code   RO         1278    .text.MessageQueueRemove  RTX_CM4F.lib(rtx_msgqueue.o)
    0x08002816   0x08002816   0x00000002   PAD
    0x08002818   0x08002818   0x00000008   Code   RO         1326    .text.OS_Tick_AcknowledgeIRQ  RTX_CM4F.lib(os_systick.o)
    0x08002820   0x08002820   0x00000024   Code   RO         1322    .text.OS_Tick_Enable  RTX_CM4F.lib(os_systick.o)
    0x08002844   0x08002844   0x00000006   Code   RO         1328    .text.OS_Tick_GetIRQn  RTX_CM4F.lib(os_systick.o)
    0x0800284a   0x0800284a   0x00000002   PAD
    0x0800284c   0x0800284c   0x00000040   Code   RO         1320    .text.OS_Tick_Setup  RTX_CM4F.lib(os_systick.o)
    0x0800288c   0x0800288c   0x0000000c   Code   RO          919    .text.OUTLINED_FUNCTION_0  RTX_CM4F.lib(rtx_kernel.o)
    0x08002898   0x08002898   0x0000000c   Code   RO         1294    .text.OUTLINED_FUNCTION_0  RTX_CM4F.lib(rtx_msgqueue.o)
    0x080028a4   0x080028a4   0x00000006   Code   RO          921    .text.OUTLINED_FUNCTION_1  RTX_CM4F.lib(rtx_kernel.o)
    0x080028aa   0x080028aa   0x00000006   Code   RO         1296    .text.OUTLINED_FUNCTION_1  RTX_CM4F.lib(rtx_msgqueue.o)
    0x080028b0   0x080028b0   0x000000a8   Code   RO            4    .text.SystemCoreClockInit  main.o
    0x08002958   0x08002958   0x0000007e   Code   RO          848    .text.SystemCoreClockUpdate  system_stm32f4xx.o
    0x080029d6   0x080029d6   0x00000002   PAD
    0x080029d8   0x080029d8   0x00000012   Code   RO          846    .text.SystemInit    system_stm32f4xx.o
    0x080029ea   0x080029ea   0x00000002   PAD
    0x080029ec   0x080029ec   0x000000e2   Code   RO           70    .text.TIM2_IRQHandler  xy.o
    0x08002ace   0x08002ace   0x00000002   PAD
    0x08002ad0   0x08002ad0   0x00000038   Code   RO          152    .text.TIM3_IRQHandler  stepper.o
    0x08002b08   0x08002b08   0x00000064   Code   RO         1011    .text.ThreadFlagsCheck  RTX_CM4F.lib(rtx_thread.o)
    0x08002b6c   0x08002b6c   0x00000048   Code   RO         1111    .text.TimerInsert   RTX_CM4F.lib(rtx_timer.o)
    0x08002bb4   0x08002bb4   0x00000020   Code   RO          431    .text.__NVIC_ClearPendingIRQ  stm32f4xx_hal_cortex.o
    0x08002bd4   0x08002bd4   0x00000028   Code   RO          397    .text.__NVIC_DisableIRQ  stm32f4xx_hal_cortex.o
    0x08002bfc   0x08002bfc   0x00000010   Code   RO           84    .text.__NVIC_EnableIRQ  xy.o
    0x08002c0c   0x08002c0c   0x00000020   Code   RO          393    .text.__NVIC_EnableIRQ  stm32f4xx_hal_cortex.o
    0x08002c2c   0x08002c2c   0x00000056   Code   RO          180    .text.__user_perthread_libspace  rtx_lib.o
    0x08002c82   0x08002c82   0x00000002   PAD
    0x08002c84   0x08002c84   0x0000001a   Code   RO          186    .text._mutex_acquire  rtx_lib.o
    0x08002c9e   0x08002c9e   0x00000002   PAD
    0x08002ca0   0x08002ca0   0x0000000a   Code   RO          190    .text._mutex_free   rtx_lib.o
    0x08002caa   0x08002caa   0x00000002   PAD
    0x08002cac   0x08002cac   0x00000020   Code   RO          184    .text._mutex_initialize  rtx_lib.o
    0x08002ccc   0x08002ccc   0x00000016   Code   RO          188    .text._mutex_release  rtx_lib.o
    0x08002ce2   0x08002ce2   0x00000002   PAD
    0x08002ce4   0x08002ce4   0x00000008   Code   RO          176    .text._platform_post_stackheap_init  rtx_lib.o
    0x08002cec   0x08002cec   0x00000012   Code   RO          291    .text._sys_close    retarget_io.o
    0x08002cfe   0x08002cfe   0x00000002   PAD
    0x08002d00   0x08002d00   0x00000004   Code   RO          301    .text._sys_flen     retarget_io.o
    0x08002d04   0x08002d04   0x00000010   Code   RO          297    .text._sys_istty    retarget_io.o
    0x08002d14   0x08002d14   0x00000064   Code   RO          289    .text._sys_open     retarget_io.o
    0x08002d78   0x08002d78   0x00000006   Code   RO          299    .text._sys_seek     retarget_io.o
    0x08002d7e   0x08002d7e   0x00000002   PAD
    0x08002d80   0x08002d80   0x0000002e   Code   RO          293    .text._sys_write    retarget_io.o
    0x08002dae   0x08002dae   0x00000002   PAD
    0x08002db0   0x08002db0   0x000000a0   Code   RO           16    .text.app           app_xy.o
    0x08002e50   0x08002e50   0x00000028   Code   RO          124    .text.drv_write     ssd1306_128x64.o
    0x08002e78   0x08002e78   0x00000084   Code   RO           48    .text.gCodeParse    gcode.o
    0x08002efc   0x08002efc   0x000000b8   Code   RO           27    .text.g_exec        gconnet.o
    0x08002fb4   0x08002fb4   0x0000009e   Code   RO           50    .text.getCmd        gcode.o
    0x08003052   0x08003052   0x00000002   PAD
    0x08003054   0x08003054   0x00000170   Code   RO           52    .text.getPar        gcode.o
    0x080031c4   0x080031c4   0x00000022   Code   RO            2    .text.main          main.o
    0x080031e6   0x080031e6   0x00000002   PAD
    0x080031e8   0x080031e8   0x00000024   Code   RO           54    .text.nextLine      gcode.o
    0x0800320c   0x0800320c   0x00000024   Code   RO         1077    .text.osDelay       RTX_CM4F.lib(rtx_delay.o)
    0x08003230   0x08003230   0x00000030   Code   RO          871    .text.osKernelGetState  RTX_CM4F.lib(rtx_kernel.o)
    0x08003260   0x08003260   0x0000002c   Code   RO          865    .text.osKernelInitialize  RTX_CM4F.lib(rtx_kernel.o)
    0x0800328c   0x0800328c   0x00000024   Code   RO          875    .text.osKernelStart  RTX_CM4F.lib(rtx_kernel.o)
    0x080032b0   0x080032b0   0x00000070   Code   RO         1254    .text.osMessageQueueGet  RTX_CM4F.lib(rtx_msgqueue.o)
    0x08003320   0x08003320   0x00000080   Code   RO         1252    .text.osMessageQueuePut  RTX_CM4F.lib(rtx_msgqueue.o)
    0x080033a0   0x080033a0   0x00000024   Code   RO         1143    .text.osMutexAcquire  RTX_CM4F.lib(rtx_mutex.o)
    0x080033c4   0x080033c4   0x00000024   Code   RO         1149    .text.osMutexDelete  RTX_CM4F.lib(rtx_mutex.o)
    0x080033e8   0x080033e8   0x00000024   Code   RO         1139    .text.osMutexNew    RTX_CM4F.lib(rtx_mutex.o)
    0x0800340c   0x0800340c   0x00000024   Code   RO         1145    .text.osMutexRelease  RTX_CM4F.lib(rtx_mutex.o)
    0x08003430   0x08003430   0x00000002   Code   RO          216    .text.osRtxErrorNotify  rtx_config.o
    0x08003432   0x08003432   0x00000002   PAD
    0x08003434   0x08003434   0x00000002   Code   RO          214    .text.osRtxIdleThread  rtx_config.o
    0x08003436   0x08003436   0x00000004   Code   RO          863    .text.osRtxKernelErrorNotify  RTX_CM4F.lib(rtx_kernel.o)
    0x0800343a   0x0800343a   0x00000002   Code   RO          861    .text.osRtxKernelPreInit  RTX_CM4F.lib(rtx_kernel.o)
    0x0800343c   0x0800343c   0x0000006c   Code   RO         1180    .text.osRtxMemoryAlloc  RTX_CM4F.lib(rtx_memory.o)
    0x080034a8   0x080034a8   0x00000042   Code   RO         1182    .text.osRtxMemoryFree  RTX_CM4F.lib(rtx_memory.o)
    0x080034ea   0x080034ea   0x00000036   Code   RO         1178    .text.osRtxMemoryInit  RTX_CM4F.lib(rtx_memory.o)
    0x08003520   0x08003520   0x0000003a   Code   RO         1194    .text.osRtxMemoryPoolAlloc  RTX_CM4F.lib(rtx_mempool.o)
    0x0800355a   0x0800355a   0x0000004a   Code   RO         1196    .text.osRtxMemoryPoolFree  RTX_CM4F.lib(rtx_mempool.o)
    0x080035a4   0x080035a4   0x00000038   Code   RO         1192    .text.osRtxMemoryPoolInit  RTX_CM4F.lib(rtx_mempool.o)
    0x080035dc   0x080035dc   0x000000aa   Code   RO         1276    .text.osRtxMessageQueuePostProcess  RTX_CM4F.lib(rtx_msgqueue.o)
    0x08003686   0x08003686   0x00000002   PAD
    0x08003688   0x08003688   0x00000024   Code   RO         1244    .text.osRtxMessageQueueTimerSetup  RTX_CM4F.lib(rtx_msgqueue.o)
    0x080036ac   0x080036ac   0x00000048   Code   RO         1135    .text.osRtxMutexOwnerRelease  RTX_CM4F.lib(rtx_mutex.o)
    0x080036f4   0x080036f4   0x00000048   Code   RO         1137    .text.osRtxMutexOwnerRestore  RTX_CM4F.lib(rtx_mutex.o)
    0x0800373c   0x0800373c   0x00000088   Code   RO         1308    .text.osRtxPendSV_Handler  RTX_CM4F.lib(rtx_system.o)
    0x080037c4   0x080037c4   0x00000070   Code   RO         1310    .text.osRtxPostProcess  RTX_CM4F.lib(rtx_system.o)
    0x08003834   0x08003834   0x00000034   Code   RO          951    .text.osRtxThreadBlock  RTX_CM4F.lib(rtx_thread.o)
    0x08003868   0x08003868   0x0000007c   Code   RO          959    .text.osRtxThreadDelayInsert  RTX_CM4F.lib(rtx_thread.o)
    0x080038e4   0x080038e4   0x0000003c   Code   RO          955    .text.osRtxThreadDelayRemove  RTX_CM4F.lib(rtx_thread.o)
    0x08003920   0x08003920   0x00000050   Code   RO          943    .text.osRtxThreadDelayTick  RTX_CM4F.lib(rtx_thread.o)
    0x08003970   0x08003970   0x00000020   Code   RO         1043    .text.osRtxThreadDestroy  RTX_CM4F.lib(rtx_thread.o)
    0x08003990   0x08003990   0x00000050   Code   RO          949    .text.osRtxThreadDispatch  RTX_CM4F.lib(rtx_thread.o)
    0x080039e0   0x080039e0   0x00000058   Code   RO         1035    .text.osRtxThreadFree  RTX_CM4F.lib(rtx_thread.o)
    0x08003a38   0x08003a38   0x0000001e   Code   RO         1041    .text.osRtxThreadJoinWakeup  RTX_CM4F.lib(rtx_thread.o)
    0x08003a56   0x08003a56   0x00000012   Code   RO          935    .text.osRtxThreadListGet  RTX_CM4F.lib(rtx_thread.o)
    0x08003a68   0x08003a68   0x0000002c   Code   RO          933    .text.osRtxThreadListPut  RTX_CM4F.lib(rtx_thread.o)
    0x08003a94   0x08003a94   0x00000014   Code   RO          939    .text.osRtxThreadListRemove  RTX_CM4F.lib(rtx_thread.o)
    0x08003aa8   0x08003aa8   0x00000026   Code   RO          937    .text.osRtxThreadListSort  RTX_CM4F.lib(rtx_thread.o)
    0x08003ace   0x08003ace   0x00000028   Code   RO         1009    .text.osRtxThreadPostProcess  RTX_CM4F.lib(rtx_thread.o)
    0x08003af6   0x08003af6   0x00000002   PAD
    0x08003af8   0x08003af8   0x00000014   Code   RO          941    .text.osRtxThreadReadyPut  RTX_CM4F.lib(rtx_thread.o)
    0x08003b0c   0x08003b0c   0x00000014   Code   RO          945    .text.osRtxThreadRegPtr  RTX_CM4F.lib(rtx_thread.o)
    0x08003b20   0x08003b20   0x00000038   Code   RO          961    .text.osRtxThreadStartup  RTX_CM4F.lib(rtx_thread.o)
    0x08003b58   0x08003b58   0x0000000c   Code   RO          947    .text.osRtxThreadSwitch  RTX_CM4F.lib(rtx_thread.o)
    0x08003b64   0x08003b64   0x0000003c   Code   RO          957    .text.osRtxThreadWaitEnter  RTX_CM4F.lib(rtx_thread.o)
    0x08003ba0   0x08003ba0   0x00000030   Code   RO          953    .text.osRtxThreadWaitExit  RTX_CM4F.lib(rtx_thread.o)
    0x08003bd0   0x08003bd0   0x00000078   Code   RO         1306    .text.osRtxTick_Handler  RTX_CM4F.lib(rtx_system.o)
    0x08003c48   0x08003c48   0x00000020   Code   RO         1093    .text.osRtxTimerSetup  RTX_CM4F.lib(rtx_timer.o)
    0x08003c68   0x08003c68   0x00000020   Code   RO         1097    .text.osRtxTimerThread  RTX_CM4F.lib(rtx_timer.o)
    0x08003c88   0x08003c88   0x00000070   Code   RO         1095    .text.osRtxTimerTick  RTX_CM4F.lib(rtx_timer.o)
    0x08003cf8   0x08003cf8   0x0000000c   Code   RO          993    .text.osThreadExit  RTX_CM4F.lib(rtx_thread.o)
    0x08003d04   0x08003d04   0x00000028   Code   RO          969    .text.osThreadGetId  RTX_CM4F.lib(rtx_thread.o)
    0x08003d2c   0x08003d2c   0x00000024   Code   RO          965    .text.osThreadNew   RTX_CM4F.lib(rtx_thread.o)
    0x08003d50   0x08003d50   0x0000001e   Code   RO          182    .text.os_kernel_is_active  rtx_lib.o
    0x08003d6e   0x08003d6e   0x00000002   PAD
    0x08003d70   0x08003d70   0x000000a4   Code   RO          141    .text.sensorInit    sensor.o
    0x08003e14   0x08003e14   0x00000068   Code   RO          139    .text.sensorRead    sensor.o
    0x08003e7c   0x08003e7c   0x00000008   Code   RO          116    .text.stdout_goxy   ssd1306_128x64.o
    0x08003e84   0x08003e84   0x00000018   Code   RO          118    .text.stdout_goxy_oled  ssd1306_128x64.o
    0x08003e9c   0x08003e9c   0x00000154   Code   RO          122    .text.stdout_init_oled  ssd1306_128x64.o
    0x08003ff0   0x08003ff0   0x00000008   Code   RO          112    .text.stdout_putchar  ssd1306_128x64.o
    0x08003ff8   0x08003ff8   0x00000176   Code   RO          114    .text.stdout_putchar_oled  ssd1306_128x64.o
    0x0800416e   0x0800416e   0x00000016   Code   RO         1081    .text.svcRtxDelay   RTX_CM4F.lib(rtx_delay.o)
    0x08004184   0x08004184   0x00000008   Code   RO          873    .text.svcRtxKernelGetState  RTX_CM4F.lib(rtx_kernel.o)
    0x0800418c   0x0800418c   0x000000f8   Code   RO          903    .text.svcRtxKernelInitialize  RTX_CM4F.lib(rtx_kernel.o)
    0x08004284   0x08004284   0x00000088   Code   RO          905    .text.svcRtxKernelStart  RTX_CM4F.lib(rtx_kernel.o)
    0x0800430c   0x0800430c   0x000000c8   Code   RO         1288    .text.svcRtxMessageQueueGet  RTX_CM4F.lib(rtx_msgqueue.o)
    0x080043d4   0x080043d4   0x00000118   Code   RO         1246    .text.svcRtxMessageQueueNew  RTX_CM4F.lib(rtx_msgqueue.o)
    0x080044ec   0x080044ec   0x000000a8   Code   RO         1284    .text.svcRtxMessageQueuePut  RTX_CM4F.lib(rtx_msgqueue.o)
    0x08004594   0x08004594   0x00000090   Code   RO         1155    .text.svcRtxMutexAcquire  RTX_CM4F.lib(rtx_mutex.o)
    0x08004624   0x08004624   0x000000ac   Code   RO         1161    .text.svcRtxMutexDelete  RTX_CM4F.lib(rtx_mutex.o)
    0x080046d0   0x080046d0   0x00000068   Code   RO         1151    .text.svcRtxMutexNew  RTX_CM4F.lib(rtx_mutex.o)
    0x08004738   0x08004738   0x000000b4   Code   RO         1157    .text.svcRtxMutexRelease  RTX_CM4F.lib(rtx_mutex.o)
    0x080047ec   0x080047ec   0x00000048   Code   RO         1039    .text.svcRtxThreadExit  RTX_CM4F.lib(rtx_thread.o)
    0x08004834   0x08004834   0x0000000c   Code   RO          971    .text.svcRtxThreadGetId  RTX_CM4F.lib(rtx_thread.o)
    0x08004840   0x08004840   0x000001ec   Code   RO          963    .text.svcRtxThreadNew  RTX_CM4F.lib(rtx_thread.o)
    0x08004a2c   0x08004a2c   0x00000052   Code   RO           14    .text.tick          app_xy.o
    0x08004a7e   0x08004a7e   0x00000002   PAD
    0x08004a80   0x08004a80   0x00000026   Code   RO           80    .text.xy_get        xy.o
    0x08004aa6   0x08004aa6   0x00000002   PAD
    0x08004aa8   0x08004aa8   0x000001d2   Code   RO           74    .text.xy_init       xy.o
    0x08004c7a   0x08004c7a   0x00000002   PAD
    0x08004c7c   0x08004c7c   0x00000038   Code   RO           76    .text.xy_isbusy     xy.o
    0x08004cb4   0x08004cb4   0x0000001a   Code   RO           90    .text.xy_mm2stp     xy.o
    0x08004cce   0x08004cce   0x00000002   PAD
    0x08004cd0   0x08004cd0   0x00000050   Code   RO           78    .text.xy_move       xy.o
    0x08004d20   0x08004d20   0x000000da   Code   RO           72    .text.xy_moved      xy.o
    0x08004dfa   0x08004dfa   0x00000002   PAD
    0x08004dfc   0x08004dfc   0x00000020   Code   RO           82    .text.xy_set        xy.o
    0x08004e1c   0x08004e1c   0x0000001a   Code   RO         1412    i.fputc             c_w.l(fputc.o)
    0x08004e36   0x08004e36   0x0000001a   Code   RO         1397    x$fpl$fpinit        fz_wm.l(fpinit.o)
    0x08004e50   0x08004e50   0x000000a8   Data   RO          196    .rodata             rtx_lib.o
    0x08004ef8   0x08004ef8   0x00000010   Data   RO          851    .rodata.AHBPrescTable  system_stm32f4xx.o
    0x08004f08   0x08004f08   0x00000008   Data   RO          852    .rodata.APBPrescTable  system_stm32f4xx.o
    0x08004f10   0x08004f10   0x00000030   Data   RO          279    .rodata.Driver_I2C1  i2c_stm32f4xx.o
    0x08004f40   0x08004f40   0x00000008   Data   RO          305    .rodata.__stderr_name  retarget_io.o
    0x08004f48   0x08004f48   0x00000007   Data   RO          303    .rodata.__stdin_name  retarget_io.o
    0x08004f4f   0x08004f4f   0x00000008   Data   RO          304    .rodata.__stdout_name  retarget_io.o
    0x08004f57   0x08004f57   0x00000978   Data   RO           64    .rodata.drawing     draw.o
    0x080058cf   0x080058cf   0x000002fe   Data   RO          130    .rodata.font        ssd1306_128x64.o
    0x08005bcd   0x08005bcd   0x00000003   PAD
    0x08005bd0   0x08005bd0   0x00000004   Data   RO          198    .rodata.osRtxUserSVC  rtx_lib.o
    0x08005bd4   0x08005bd4   0x00000024   Data   RO          193    .rodata.os_idle_thread_attr  rtx_lib.o
    0x08005bf8   0x08005bf8   0x00000018   Data   RO          195    .rodata.os_timer_mq_attr  rtx_lib.o
    0x08005c10   0x08005c10   0x00000024   Data   RO          194    .rodata.os_timer_thread_attr  rtx_lib.o
    0x08005c34   0x08005c34   0x0000000b   Data   RO          923    .rodata.str1.4      RTX_CM4F.lib(rtx_kernel.o)
    0x08005c3f   0x08005c3f   0x00000001   PAD
    0x08005c40   0x08005c40   0x00000020   Data   RO         1752    Region$$Table       anon$$obj.o


    Execution Region RW_IRAM1 (Exec base: 0x20000000, Load base: 0x08005c60, Size: 0x00004eb0, Max: 0x00010000, ABSOLUTE)

    Exec Addr    Load Addr    Size         Type   Attr      Idx    E Section Name        Object

    0x20000000   0x08005c60   0x00000004   Data   RW         1418    .data               c_w.l(stdio_streams.o)
    0x20000004   0x08005c64   0x00000004   Data   RW         1419    .data               c_w.l(stdio_streams.o)
    0x20000008   0x08005c68   0x00000004   Data   RW         1420    .data               c_w.l(stdio_streams.o)
    0x2000000c   0x08005c6c   0x00000004   Data   RW         1530    .data               c_w.l(streamlock.o)
    0x20000010   0x08005c70   0x00000004   Data   RW          850    .data.SystemCoreClock  system_stm32f4xx.o
    0x20000014   0x08005c74   0x000000a4   Data   RW          924    .data.os            RTX_CM4F.lib(rtx_kernel.o)
    0x200000b8   0x08005d18   0x00000001   Data   RW          369    .data.uwTickFreq    stm32f4xx_hal.o
    0x200000b9   0x08005d19   0x00000007   PAD
    0x200000c0        -       0x00000054   Zero   RW         1415    .bss                c_w.l(stdio_streams.o)
    0x20000114        -       0x00000054   Zero   RW         1416    .bss                c_w.l(stdio_streams.o)
    0x20000168        -       0x00000054   Zero   RW         1417    .bss                c_w.l(stdio_streams.o)
    0x200001bc        -       0x00000060   Zero   RW         1621    .bss                c_w.l(libspace.o)
    0x2000021c        -       0x00000028   Zero   RW          280    .bss.I2C1_Info      i2c_stm32f4xx.o
    0x20000244        -       0x00000020   Zero   RW          129    .bss.buffer         ssd1306_128x64.o
    0x20000264        -       0x00000004   Zero   RW          166    .bss.ch0_ticks      stepper.o
    0x20000268        -       0x00000040   Zero   RW           18    .bss.cmd_buffer     app_xy.o
    0x200002a8        -       0x00000004   Zero   RW          127    .bss.column         ssd1306_128x64.o
    0x200002ac        -       0x00000001   Zero   RW          143    .bss.isInit         sensor.o
    0x200002ad        -       0x00000001   Zero   RW          128    .bss.isInitated     ssd1306_128x64.o
    0x200002ae   0x08005d19   0x00000002   PAD
    0x200002b0        -       0x00000001   Zero   RW          103    .bss.isInited       xy.o
    0x200002b1   0x08005d19   0x00000007   PAD
    0x200002b8        -       0x00004040   Zero   RW          192    .bss.os             rtx_lib.o
    0x200042f8        -       0x00000001   Zero   RW         1338    .bss.os             RTX_CM4F.lib(os_systick.o)
    0x200042f9   0x08005d19   0x00000003   PAD
    0x200042fc        -       0x000001f0   Zero   RW          199    .bss.os.libspace    rtx_lib.o
    0x200044ec        -       0x00000034   Zero   RW          203    .bss.os.msgqueue.cb  rtx_lib.o
    0x20004520        -       0x00000050   Zero   RW          204    .bss.os.msgqueue.mem  rtx_lib.o
    0x20004570        -       0x00000088   Zero   RW          200    .bss.os.thread.cb   rtx_lib.o
    0x200045f8        -       0x00000080   Zero   RW          201    .bss.os.thread.idle.stack  rtx_lib.o
    0x20004678        -       0x00000200   Zero   RW          202    .bss.os.thread.timer.stack  rtx_lib.o
    0x20004878        -       0x00000001   Zero   RW          205    .bss.os_kernel_is_active.os_kernel_active  rtx_lib.o
    0x20004879   0x08005d19   0x00000003   PAD
    0x2000487c        -       0x00000004   Zero   RW          126    .bss.page           ssd1306_128x64.o
    0x20004880        -       0x00000001   Zero   RW           39    .bss.use_move_d     gconnet.o
    0x20004881   0x08005d19   0x00000003   PAD
    0x20004884        -       0x00000004   Zero   RW          370    .bss.uwTick         stm32f4xx_hal.o
    0x20004888        -       0x00000004   Zero   RW           95    .bss.x_dir          xy.o
    0x2000488c        -       0x00000004   Zero   RW           94    .bss.x_ticks        xy.o
    0x20004890        -       0x00000004   Zero   RW           96    .bss.xy_x           xy.o
    0x20004894        -       0x00000004   Zero   RW           99    .bss.xy_y           xy.o
    0x20004898        -       0x00000004   Zero   RW          102    .bss.xy_z           xy.o
    0x2000489c        -       0x00000004   Zero   RW           98    .bss.y_dir          xy.o
    0x200048a0        -       0x00000004   Zero   RW           97    .bss.y_ticks        xy.o
    0x200048a4        -       0x00000004   Zero   RW          101    .bss.z_dir          xy.o
    0x200048a8        -       0x00000004   Zero   RW          100    .bss.z_ticks        xy.o
    0x200048ac   0x08005d19   0x00000004   PAD
    0x200048b0        -       0x00000200   Zero   RW          837    HEAP                startup_stm32f401xc.o
    0x20004ab0        -       0x00000400   Zero   RW          836    STACK               startup_stm32f401xc.o


==============================================================================

Image component sizes


      Code (inc. data)   RO Data    RW Data    ZI Data      Debug   Object Name

       242         24          0          0         64       3960   app_xy.o
         0          0       2424          0          0        371   draw.o
       694         72          0          0          0       3086   gcode.o
       770          0          0          0          1       2851   gconnet.o
      3594          4         48          0         40      16371   i2c_stm32f4xx.o
       202          0          0          0          0       3428   main.o
       190         24         23          0          0       2567   retarget_io.o
         4          0          0          0          0        699   rtx_config.o
       236          0        268          0      17853       7920   rtx_lib.o
       268         12          0          0          1       2037   sensor.o
       794          6        766          0         41       5361   ssd1306_128x64.o
        64         26        404          0       1536        860   startup_stm32f401xc.o
        56          0          0          0          4       5051   stepper.o
        52          0          0          1          4       7141   stm32f4xx_hal.o
       128          0          0          0          0      10525   stm32f4xx_hal_cortex.o
       688          0          0          0          0       5504   stm32f4xx_hal_gpio.o
        46          0          0          0          0       7603   stm32f4xx_hal_rcc.o
       144          0         24          4          0       2832   system_stm32f4xx.o
      1158          0          0          0         37       6635   xy.o

    ----------------------------------------------------------------------
      9406        168       3992          8      19604      94802   Object Totals
         0          0         32          0          0          0   (incl. Generated)
        76          0          3          3         23          0   (incl. Padding)

    ----------------------------------------------------------------------

      Code (inc. data)   RO Data    RW Data    ZI Data      Debug   Library Member Name

       200         12          0          0          0        634   irq_armv7m.o
       114         20          0          0          1       3199   os_systick.o
        58          4          0          0          0       2797   rtx_delay.o
       544         32         11        164          0      16781   rtx_kernel.o
       228          0          0          0          0       2590   rtx_memory.o
       188          0          0          0          0      16188   rtx_mempool.o
      1292         20          0          0          0      18765   rtx_msgqueue.o
       888         28          0          0          0      10068   rtx_mutex.o
       368         18          0          0          0       5444   rtx_system.o
      1686         60          0          0          0      32486   rtx_thread.o
       248         16          0          0          0      10433   rtx_timer.o
         8          0          0          0          0         68   __main.o
       104          0          0          0          0         84   __printf.o
         0          0          0          0          0          0   __rtentry.o
        20          0          0          0          0          0   __rtentry2.o
         6          0          0          0          0          0   __rtentry4.o
        52          8          0          0          0          0   __scatter.o
        26          0          0          0          0          0   __scatter_copy.o
        28          0          0          0          0          0   __scatter_zi.o
        44          0          0          0          0        108   _printf_char.o
        48          6          0          0          0         96   _printf_char_common.o
        64          6          0          0          0         84   _printf_char_file_locked.o
         6          0          0          0          0          0   _printf_d.o
       120         16          0          0          0         92   _printf_dec.o
       178          0          0          0          0         88   _printf_intcommon.o
         0          0          0          0          0          0   _printf_percent.o
         4          0          0          0          0          0   _printf_percent_end.o
         6          0          0          0          0          0   _printf_s.o
        82          0          0          0          0         80   _printf_str.o
        10          0          0          0          0         68   defsig_exit.o
        50          0          0          0          0         88   defsig_general.o
        80         58          0          0          0         76   defsig_rtmem_inner.o
        14          0          0          0          0         80   defsig_rtmem_outer.o
        52         38          0          0          0         76   defsig_rtred_inner.o
        14          0          0          0          0         80   defsig_rtred_outer.o
        18          0          0          0          0         80   exit.o
        76          0          0          0          0         88   fclose.o
       470          0          0          0          0         88   flsbuf.o
       332         10          0          0          0        152   fopen_locked.o
        26          0          0          0          0         68   fputc.o
       248          6          0          0          0         84   fseek.o
        66          0          0          0          0         76   ftell.o
       166          0          0          0          0        144   h1_alloc_threads.o
        82          0          0          0          0        104   h1_extend_threads.o
        10          0          0          0          0         76   h1_final_threads.o
       118          0          0          0          0        108   h1_free_threads.o
        18          0          0          0          0         84   h1_init_threads.o
         6          0          0          0          0        152   heapauxi.o
         4          0          0          0          0        136   hguard.o
         0          0          0          0          0          0   indicate_semi.o
       138          0          0          0          0        168   init_alloc.o
       456         48          0          0          0        116   initio_locked.o
         2          0          0          0          0          0   libinit.o
        18          0          0          0          0          0   libinit2.o
         2          0          0          0          0          0   libshutdown.o
        10          0          0          0          0          0   libshutdown2.o
         8          4          0          0         96         68   libspace.o
         0          0          0          0          0          0   maybetermalloc2.o
        24          4          0          0          0         84   noretval__2printf.o
        64          6          0          0          0         80   puts_locked.o
         4          0          0          0          0         68   rt_errno_addr_twolibspace.o
        10          0          0          0          0         76   rt_heap_descriptor_twolibspace.o
        68          0          0          0          0         68   rt_memclr.o
        78          0          0          0          0         80   rt_memclr_w.o
       138          0          0          0          0         68   rt_memcpy_v6.o
       100          0          0          0          0         80   rt_memcpy_w.o
         2          0          0          0          0          0   rtexit.o
        10          0          0          0          0          0   rtexit2.o
       104          0          0          0          0         88   setvbuf_locked.o
       240          6          0          0          0        156   stdio.o
         0          0          0         12        252          0   stdio_streams.o
       124          0          0          0          0         88   strcmpv7em.o
         0          0          0          4          0          0   streamlock.o
        12          4          0          0          0         68   sys_exit.o
        74          0          0          0          0         80   sys_stackheap_outer.o
        14          0          0          0          0         76   sys_wrch.o
        16          0          0          0          0         80   term_alloc.o
         2          0          0          0          0         68   use_no_semi.o
        26          0          0          0          0        116   fpinit.o

    ----------------------------------------------------------------------
     10238        430         12        180        352     123769   Library Totals
        24          0          1          0          3          0   (incl. Padding)

    ----------------------------------------------------------------------

      Code (inc. data)   RO Data    RW Data    ZI Data      Debug   Library Name

      5814        210         11        164          1     119385   RTX_CM4F.lib
      4374        220          0         16        348       4268   c_w.l
        26          0          0          0          0        116   fz_wm.l

    ----------------------------------------------------------------------
     10238        430         12        180        352     123769   Library Totals

    ----------------------------------------------------------------------

==============================================================================


      Code (inc. data)   RO Data    RW Data    ZI Data      Debug   

     19644        598       4004        188      19956     215763   Grand Totals
     19644        598       4004        188      19956     215763   ELF Image Totals
     19644        598       4004        188          0          0   ROM Totals

==============================================================================

    Total RO  Size (Code + RO Data)                23648 (  23.09kB)
    Total RW  Size (RW Data + ZI Data)             20144 (  19.67kB)
    Total ROM Size (Code + RO Data + RW Data)      23836 (  23.28kB)

==============================================================================

